{"Protocol":0,"Id":"5aa367c04ff1937178d5a961b9dbd62a","Path":"/media/movies/Invictus.mkv","EncoderPath":null,"EncoderProtocol":null,"Type":0,"Container":"mkv","Size":1011587693,"Name":"Invictus","IsRemote":false,"ETag":"9f8bbffe3ed1fbbf62056c9aac87ebc2","RunTimeTicks":80165510000,"ReadAtNativeFramerate":false,"IgnoreDts":false,"IgnoreIndex":false,"GenPtsInput":false,"SupportsTranscoding":true,"SupportsDirectStream":true,"SupportsDirectPlay":true,"IsInfiniteStream":false,"UseMostCompatibleTranscodingProfile":false,"RequiresOpening":false,"OpenToken":null,"RequiresClosing":false,"LiveStreamId":null,"BufferMs":null,"RequiresLooping":false,"SupportsProbing":true,"VideoType":0,"IsoType":null,"Video3DFormat":null,"MediaStreams":[{"Codec":"hevc","CodecTag":null,"Language":null,"ColorRange":null,"ColorSpace":"smpte170m","ColorTransfer":"bt709","ColorPrimaries":"smpte170m","DvVersionMajor":null,"DvVersionMinor":null,"DvProfile":null,"DvLevel":null,"RpuPresentFlag":null,"ElPresentFlag":null,"BlPresentFlag":null,"DvBlSignalCompatibilityId":null,"Rotation":null,"Comment":null,"TimeBase":"1/1000","CodecTimeBase":null,"Title":null,"VideoRange":1,"VideoRangeType":1,"VideoDoViTitle":null,"AudioSpatialFormat":0,"LocalizedUndefined":null,"LocalizedDefault":null,"LocalizedForced":null,"LocalizedExternal":null,"LocalizedHearingImpaired":null,"DisplayTitle":"404p HEVC SDR","NalLengthSize":null,"IsInterlaced":false,"IsAVC":false,"ChannelLayout":null,"BitRate":1009499,"BitDepth":8,"RefFrames":1,"PacketLength":null,"Channels":null,"SampleRate":null,"IsDefault":true,"IsForced":false,"IsHearingImpaired":false,"Height":356,"Width":720,"AverageFrameRate":23.976025,"RealFrameRate":23.976025,"ReferenceFrameRate":23.976025,"Profile":"Main","Type":1,"AspectRatio":"2.40:1","Index":0,"Score":null,"IsExternal":false,"DeliveryMethod":null,"DeliveryUrl":null,"IsExternalUrl":null,"IsTextSubtitleStream":false,"SupportsExternalStream":false,"Path":null,"PixelFormat":"yuv420p","Level":90,"IsAnamorphic":false},{"Codec":"aac","CodecTag":null,"Language":"eng","ColorRange":null,"ColorSpace":null,"ColorTransfer":null,"ColorPrimaries":null,"DvVersionMajor":null,"DvVersionMinor":null,"DvProfile":null,"DvLevel":null,"RpuPresentFlag":null,"ElPresentFlag":null,"BlPresentFlag":null,"DvBlSignalCompatibilityId":null,"Rotation":null,"Comment":null,"TimeBase":"1/1000","CodecTimeBase":null,"Title":"Stereo","VideoRange":0,"VideoRangeType":0,"VideoDoViTitle":null,"AudioSpatialFormat":0,"LocalizedUndefined":null,"LocalizedDefault":"Default","LocalizedForced":null,"LocalizedExternal":"External","LocalizedHearingImpaired":null,"DisplayTitle":"Stereo - English - AAC - Default","NalLengthSize":null,"IsInterlaced":false,"IsAVC":false,"ChannelLayout":"stereo","BitRate":192000,"BitDepth":null,"RefFrames":null,"PacketLength":null,"Channels":2,"SampleRate":48000,"IsDefault":true,"IsForced":false,"IsHearingImpaired":false,"Height":null,"Width":null,"AverageFrameRate":null,"RealFrameRate":null,"ReferenceFrameRate":null,"Profile":"LC","Type":0,"AspectRatio":null,"Index":1,"Score":null,"IsExternal":false,"DeliveryMethod":null,"DeliveryUrl":null,"IsExternalUrl":null,"IsTextSubtitleStream":false,"SupportsExternalStream":false,"Path":null,"PixelFormat":null,"Level":0,"IsAnamorphic":null}],"MediaAttachments":[],"Formats":[],"Bitrate":1201499,"FallbackMaxStreamingBitrate":null,"Timestamp":null,"RequiredHttpHeaders":{},"TranscodingUrl":null,"TranscodingSubProtocol":0,"TranscodingContainer":null,"AnalyzeDurationMs":null,"DefaultAudioStreamIndex":null,"DefaultSubtitleStreamIndex":null,"HasSegments":false}

/usr/lib/jellyfin-ffmpeg/ffmpeg -analyzeduration 200M -probesize 1G -f matroska -init_hw_device rkmpp=rk -hwaccel rkmpp -hwaccel_output_format drm_prime -noautorotate -afbc rga -i file:"/media/movies/Invictus.mkv" -noautoscale -map_metadata -1 -map_chapters -1 -threads 0 -map 0:0 -map 0:1 -map -0:s -codec:v:0 hevc_rkmpp -tag:v:0 hvc1 -b:v 292000 -maxrate 292000 -bufsize 584000 -profile:v:0 main -level 90 -g:v:0 72 -keyint_min:v:0 72 -vf "setparams=color_primaries=bt709:color_trc=bt709:colorspace=bt709,vpp_rkrga=format=nv12:afbc=1" -codec:a:0 libfdk_aac -ac 2 -ab 128000 -copyts -avoid_negative_ts disabled -max_muxing_queue_size 2048 -f hls -max_delay 5000000 -hls_time 3 -hls_segment_type fmp4 -hls_fmp4_init_filename "f98debd42c0d06fece68784316f37d3e-1.mp4" -start_number 0 -hls_segment_filename "/transcode/f98debd42c0d06fece68784316f37d3e%d.mp4" -hls_playlist_type vod -hls_list_size 0 -hls_segment_options movflags=+frag_discont -y "/transcode/f98debd42c0d06fece68784316f37d3e.m3u8"


ffmpeg version 7.1.3-Jellyfin Copyright (c) 2000-2025 the FFmpeg developers
  built with gcc 12 (Debian 12.2.0-14)
  configuration: --prefix=/usr/lib/jellyfin-ffmpeg --target-os=linux --extra-version=Jellyfin --disable-doc --disable-ffplay --disable-static --disable-libxcb --disable-sdl2 --disable-xlib --enable-lto=auto --enable-gpl --enable-version3 --enable-shared --enable-gmp --enable-gnutls --enable-chromaprint --enable-opencl --enable-libdrm --enable-libxml2 --enable-libass --enable-libfreetype --enable-libfribidi --enable-libfontconfig --enable-libharfbuzz --enable-libbluray --enable-libmp3lame --enable-libopus --enable-libtheora --enable-libvorbis --enable-libopenmpt --enable-libdav1d --enable-libsvtav1 --enable-libwebp --enable-libvpx --enable-libx264 --enable-libx265 --enable-libzvbi --enable-libzimg --enable-libfdk-aac --arch=arm64 --cross-prefix=/usr/bin/aarch64-linux-gnu- --toolchain=hardened --enable-cross-compile --enable-rkmpp --enable-rkrga --enable-ffnvcodec --enable-cuda --enable-cuda-llvm --enable-cuvid --enable-nvdec --enable-nvenc
  libavutil      59. 39.100 / 59. 39.100
  libavcodec     61. 19.101 / 61. 19.101
  libavformat    61.  7.100 / 61.  7.100
  libavdevice    61.  3.100 / 61.  3.100
  libavfilter    10.  4.100 / 10.  4.100
  libswscale      8.  3.100 /  8.  3.100
  libswresample   5.  3.100 /  5.  3.100
  libpostproc    58.  3.100 / 58.  3.100
Input #0, matroska,webm, from 'file:/media/movies/Invictus.mkv':
  Metadata:
    creation_time   : 2025-09-04T22:13:36.000000Z
    ENCODER         : Lavf61.7.100
  Duration: 02:13:36.55, start: -0.021000, bitrate: 1009 kb/s
  Chapters:
    Chapter #0:0: start 0.000000, end 260.969000
      Metadata:
        title           : Chapter 1
    Chapter #0:1: start 260.969000, end 506.715000
      Metadata:
        title           : Chapter 2
    Chapter #0:2: start 506.715000, end 714.297000
      Metadata:
        title           : Chapter 3
    Chapter #0:3: start 714.297000, end 1044.627000
      Metadata:
        title           : Chapter 4
    Chapter #0:4: start 1044.627000, end 1456.288000
      Metadata:
        title           : Chapter 5
    Chapter #0:5: start 1456.288000, end 1743.200000
      Metadata:
        title           : Chapter 6
    Chapter #0:6: start 1743.200000, end 2204.411000
      Metadata:
        title           : Chapter 7
    Chapter #0:7: start 2204.411000, end 2459.207000
      Metadata:
        title           : Chapter 8
    Chapter #0:8: start 2459.207000, end 2734.482000
      Metadata:
        title           : Chapter 9
    Chapter #0:9: start 2734.482000, end 3080.661000
      Metadata:
        title           : Chapter 10
    Chapter #0:10: start 3080.661000, end 3199.279000
      Metadata:
        title           : Chapter 11
    Chapter #0:11: start 3199.279000, end 3412.075000
      Metadata:
        title           : Chapter 12
    Chapter #0:12: start 3412.075000, end 3669.958000
      Metadata:
        title           : Chapter 13
    Chapter #0:13: start 3669.958000, end 4019.724000
      Metadata:
        title           : Chapter 14
    Chapter #0:14: start 4019.724000, end 4347.218000
      Metadata:
        title           : Chapter 15
    Chapter #0:15: start 4347.218000, end 4604.350000
      Metadata:
        title           : Chapter 16
    Chapter #0:16: start 4604.350000, end 4861.357000
      Metadata:
        title           : Chapter 17
    Chapter #0:17: start 4861.357000, end 5331.076000
      Metadata:
        title           : Chapter 18
    Chapter #0:18: start 5331.076000, end 5548.251000
      Metadata:
        title           : Chapter 19
    Chapter #0:19: start 5548.251000, end 5864.192000
      Metadata:
        title           : Chapter 20
    Chapter #0:20: start 5864.192000, end 6259.587000
      Metadata:
        title           : Chapter 21
    Chapter #0:21: start 6259.587000, end 6530.566000
      Metadata:
        title           : Chapter 22
    Chapter #0:22: start 6530.566000, end 6794.830000
      Metadata:
        title           : Chapter 23
    Chapter #0:23: start 6794.830000, end 7091.710000
      Metadata:
        title           : Chapter 24
    Chapter #0:24: start 7091.710000, end 7351.052000
      Metadata:
        title           : Chapter 25
    Chapter #0:25: start 7351.052000, end 7598.633000
      Metadata:
        title           : Chapter 26
    Chapter #0:26: start 7598.633000, end 8014.465000
      Metadata:
        title           : Chapter 27
    Chapter #0:27: start 8014.465000, end 8016.509000
      Metadata:
        title           : Chapter 28
  Stream #0:0: Video: hevc (Main), yuv420p(tv, smpte170m/smpte170m/bt709), 720x356 [SAR 32:27 DAR 640:267], 23.98 fps, 23.98 tbr, 1k tbn (default)
      Metadata:
        DURATION        : 02:13:36.551000000
  Stream #0:1(eng): Audio: aac (LC), 48000 Hz, stereo, fltp (default)
      Metadata:
        title           : Stereo
        DURATION        : 02:13:36.490000000
[hevc_rkmpp @ 0x555d2f3be0] Failed to init MPP context: -1
[vist#0:0/hevc @ 0x555d2f4980] [dec:hevc_rkmpp @ 0x555d2f3aa0] Error while opening decoder: Generic error in an external library
Error opening output file /transcode/f98debd42c0d06fece68784316f37d3e.m3u8.
Error opening output files: Generic error in an external library