{"Protocol":0,"Id":"738c2177d739fff9301459234c11f7d6","Path":"/media/movies/Star Wars V-Return of the Jedi.mp4","EncoderPath":null,"EncoderProtocol":null,"Type":0,"Container":"mov,mp4,m4a,3gp,3g2,mj2","Size":1649462231,"Name":"Star Wars V-Return of the Jedi","IsRemote":false,"ETag":"195e2aeee31facfd1cc333d18e8067bb","RunTimeTicks":80875102040,"ReadAtNativeFramerate":false,"IgnoreDts":false,"IgnoreIndex":false,"GenPtsInput":false,"SupportsTranscoding":true,"SupportsDirectStream":true,"SupportsDirectPlay":true,"IsInfiniteStream":false,"UseMostCompatibleTranscodingProfile":false,"RequiresOpening":false,"OpenToken":null,"RequiresClosing":false,"LiveStreamId":null,"BufferMs":null,"RequiresLooping":false,"SupportsProbing":true,"VideoType":0,"IsoType":null,"Video3DFormat":null,"MediaStreams":[{"Codec":"h264","CodecTag":"avc1","Language":"und","ColorRange":null,"ColorSpace":"bt709","ColorTransfer":"bt709","ColorPrimaries":"bt709","DvVersionMajor":null,"DvVersionMinor":null,"DvProfile":null,"DvLevel":null,"RpuPresentFlag":null,"ElPresentFlag":null,"BlPresentFlag":null,"DvBlSignalCompatibilityId":null,"Rotation":null,"Comment":null,"TimeBase":"1/24000","CodecTimeBase":null,"Title":null,"VideoRange":1,"VideoRangeType":1,"VideoDoViTitle":null,"AudioSpatialFormat":0,"LocalizedUndefined":null,"LocalizedDefault":null,"LocalizedForced":null,"LocalizedExternal":null,"LocalizedHearingImpaired":null,"DisplayTitle":"1080p H264 SDR","NalLengthSize":"4","IsInterlaced":false,"IsAVC":true,"ChannelLayout":null,"BitRate":1501299,"BitDepth":8,"RefFrames":1,"PacketLength":null,"Channels":null,"SampleRate":null,"IsDefault":true,"IsForced":false,"IsHearingImpaired":false,"Height":816,"Width":1920,"AverageFrameRate":23.976025,"RealFrameRate":23.976025,"ReferenceFrameRate":23.976025,"Profile":"High","Type":1,"AspectRatio":"2.35:1","Index":0,"Score":null,"IsExternal":false,"DeliveryMethod":null,"DeliveryUrl":null,"IsExternalUrl":null,"IsTextSubtitleStream":false,"SupportsExternalStream":false,"Path":null,"PixelFormat":"yuv420p","Level":40,"IsAnamorphic":false},{"Codec":"aac","CodecTag":"mp4a","Language":"eng","ColorRange":null,"ColorSpace":null,"ColorTransfer":null,"ColorPrimaries":null,"DvVersionMajor":null,"DvVersionMinor":null,"DvProfile":null,"DvLevel":null,"RpuPresentFlag":null,"ElPresentFlag":null,"BlPresentFlag":null,"DvBlSignalCompatibilityId":null,"Rotation":null,"Comment":null,"TimeBase":"1/44100","CodecTimeBase":null,"Title":"ISO Media file produced by Google Inc.","VideoRange":0,"VideoRangeType":0,"VideoDoViTitle":null,"AudioSpatialFormat":0,"LocalizedUndefined":null,"LocalizedDefault":"Default","LocalizedForced":null,"LocalizedExternal":"External","LocalizedHearingImpaired":null,"DisplayTitle":"ISO Media file produced by Google Inc. - English - AAC - Stereo - Default","NalLengthSize":null,"IsInterlaced":false,"IsAVC":false,"ChannelLayout":"stereo","BitRate":127999,"BitDepth":null,"RefFrames":null,"PacketLength":null,"Channels":2,"SampleRate":44100,"IsDefault":true,"IsForced":false,"IsHearingImpaired":false,"Height":null,"Width":null,"AverageFrameRate":null,"RealFrameRate":null,"ReferenceFrameRate":null,"Profile":"LC","Type":0,"AspectRatio":null,"Index":1,"Score":null,"IsExternal":false,"DeliveryMethod":null,"DeliveryUrl":null,"IsExternalUrl":null,"IsTextSubtitleStream":false,"SupportsExternalStream":false,"Path":null,"PixelFormat":null,"Level":0,"IsAnamorphic":null}],"MediaAttachments":[],"Formats":[],"Bitrate":1631614,"FallbackMaxStreamingBitrate":null,"Timestamp":null,"RequiredHttpHeaders":{},"TranscodingUrl":null,"TranscodingSubProtocol":0,"TranscodingContainer":null,"AnalyzeDurationMs":null,"DefaultAudioStreamIndex":null,"DefaultSubtitleStreamIndex":null,"HasSegments":false}

/usr/lib/jellyfin-ffmpeg/ffmpeg -analyzeduration 200M -probesize 1G -f mov,mp4,m4a,3gp,3g2,mj2 -init_hw_device rkmpp=rk -hwaccel rkmpp -hwaccel_output_format drm_prime -noautorotate -afbc rga -i file:"/media/movies/Star Wars V-Return of the Jedi.mp4" -noautoscale -map_metadata -1 -map_chapters -1 -threads 0 -map 0:0 -map 0:1 -map -0:s -codec:v:0 h264_rkmpp -b:v 592001 -maxrate 592001 -bufsize 1184002 -profile:v:0 high -level 40 -g:v:0 72 -keyint_min:v:0 72 -vf "setparams=color_primaries=bt709:color_trc=bt709:colorspace=bt709,vpp_rkrga=w=960:h=408:format=nv12:afbc=1" -codec:a:0 copy -copyts -avoid_negative_ts disabled -max_muxing_queue_size 2048 -f hls -max_delay 5000000 -hls_time 3 -hls_segment_type fmp4 -hls_fmp4_init_filename "4a048e9e1215bab737a45b29e54371f5-1.mp4" -start_number 0 -hls_segment_filename "/transcode/4a048e9e1215bab737a45b29e54371f5%d.mp4" -hls_playlist_type vod -hls_list_size 0 -hls_segment_options movflags=+frag_discont -y "/transcode/4a048e9e1215bab737a45b29e54371f5.m3u8"


ffmpeg version 7.1.3-Jellyfin Copyright (c) 2000-2025 the FFmpeg developers
  built with gcc 12 (Debian 12.2.0-14)
  configuration: --prefix=/usr/lib/jellyfin-ffmpeg --target-os=linux --extra-version=Jellyfin --disable-doc --disable-ffplay --disable-static --disable-libxcb --disable-sdl2 --disable-xlib --enable-lto=auto --enable-gpl --enable-version3 --enable-shared --enable-gmp --enable-gnutls --enable-chromaprint --enable-opencl --enable-libdrm --enable-libxml2 --enable-libass --enable-libfreetype --enable-libfribidi --enable-libfontconfig --enable-libharfbuzz --enable-libbluray --enable-libmp3lame --enable-libopus --enable-libtheora --enable-libvorbis --enable-libopenmpt --enable-libdav1d --enable-libsvtav1 --enable-libwebp --enable-libvpx --enable-libx264 --enable-libx265 --enable-libzvbi --enable-libzimg --enable-libfdk-aac --arch=arm64 --cross-prefix=/usr/bin/aarch64-linux-gnu- --toolchain=hardened --enable-cross-compile --enable-rkmpp --enable-rkrga --enable-ffnvcodec --enable-cuda --enable-cuda-llvm --enable-cuvid --enable-nvdec --enable-nvenc
  libavutil      59. 39.100 / 59. 39.100
  libavcodec     61. 19.101 / 61. 19.101
  libavformat    61.  7.100 / 61.  7.100
  libavdevice    61.  3.100 / 61.  3.100
  libavfilter    10.  4.100 / 10.  4.100
  libswscale      8.  3.100 /  8.  3.100
  libswresample   5.  3.100 /  5.  3.100
  libpostproc    58.  3.100 / 58.  3.100
Input #0, mov,mp4,m4a,3gp,3g2,mj2, from 'file:/media/movies/Star Wars V-Return of the Jedi.mp4':
  Metadata:
    major_brand     : mp42
    minor_version   : 0
    compatible_brands: isommp42
    creation_time   : 2013-02-23T01:50:47.000000Z
    encoder         : Google
  Duration: 02:14:47.51, start: 0.000000, bitrate: 1631 kb/s
  Stream #0:0[0x1](und): Video: h264 (High) (avc1 / 0x31637661), yuv420p(tv, bt709, progressive), 1920x816 [SAR 1:1 DAR 40:17], 1501 kb/s, 23.98 fps, 23.98 tbr, 24k tbn (default)
      Metadata:
        handler_name    : ISO Media file produced by Google Inc.
        vendor_id       : [0][0][0][0]
  Stream #0:1[0x2](eng): Audio: aac (LC) (mp4a / 0x6134706D), 44100 Hz, stereo, fltp, 127 kb/s (default)
      Metadata:
        handler_name    : ISO Media file produced by Google Inc.
        vendor_id       : [0][0][0][0]
Stream mapping:
  Stream #0:0 -> #0:0 (h264 (h264_rkmpp) -> h264 (h264_rkmpp))
  Stream #0:1 -> #0:1 (copy)
Press [q] to stop, [?] for help
[hls @ 0x558a17a9d0] Opening '/transcode/4a048e9e1215bab737a45b29e54371f5-1.mp4' for writing
Output #0, hls, to '/transcode/4a048e9e1215bab737a45b29e54371f5.m3u8':
  Metadata:
    encoder         : Lavf61.7.100
  Stream #0:0: Video: h264 (High), drm_prime(tv, bt709, progressive), 960x408 [SAR 1:1 DAR 40:17], q=2-31, 592 kb/s, 23.98 fps, 24k tbn (default)
      Metadata:
        encoder         : Lavc61.19.101 h264_rkmpp
  Stream #0:1: Audio: aac (LC) (mp4a / 0x6134706D), 44100 Hz, stereo, fltp, 127 kb/s (default)
[hls @ 0x558a17a9d0] Opening '/transcode/4a048e9e1215bab737a45b29e54371f50.mp4' for writing
[hls @ 0x558a17a9d0] Opening '/transcode/4a048e9e1215bab737a45b29e54371f51.mp4' for writing
[hls @ 0x558a17a9d0] Opening '/transcode/4a048e9e1215bab737a45b29e54371f52.mp4' for writing
[hls @ 0x558a17a9d0] Opening '/transcode/4a048e9e1215bab737a45b29e54371f53.mp4' for writing
[hls @ 0x558a17a9d0] Opening '/transcode/4a048e9e1215bab737a45b29e54371f54.mp4' for writing
[hls @ 0x558a17a9d0] Opening '/transcode/4a048e9e1215bab737a45b29e54371f55.mp4' for writing
frame=  439 fps=0.0 q=18.0 size=N/A time=00:00:00.00 bitrate=N/A speed=   0x    
[hls @ 0x558a17a9d0] Opening '/transcode/4a048e9e1215bab737a45b29e54371f56.mp4' for writing
[hls @ 0x558a17a9d0] Opening '/transcode/4a048e9e1215bab737a45b29e54371f57.mp4' for writing
[hls @ 0x558a17a9d0] Opening '/transcode/4a048e9e1215bab737a45b29e54371f58.mp4' for writing
[hls @ 0x558a17a9d0] Opening '/transcode/4a048e9e1215bab737a45b29e54371f59.mp4' for writing
[hls @ 0x558a17a9d0] Opening '/transcode/4a048e9e1215bab737a45b29e54371f510.mp4' for writing
[hls @ 0x558a17a9d0] Opening '/transcode/4a048e9e1215bab737a45b29e54371f511.mp4' for writing
[hls @ 0x558a17a9d0] Opening '/transcode/4a048e9e1215bab737a45b29e54371f512.mp4' for writing
frame=  942 fps=942 q=13.0 size=N/A time=00:00:20.97 bitrate=N/A speed=  21x    
[hls @ 0x558a17a9d0] Opening '/transcode/4a048e9e1215bab737a45b29e54371f513.mp4' for writing
[hls @ 0x558a17a9d0] Opening '/transcode/4a048e9e1215bab737a45b29e54371f514.mp4' for writing
[hls @ 0x558a17a9d0] Opening '/transcode/4a048e9e1215bab737a45b29e54371f515.mp4' for writing
[hls @ 0x558a17a9d0] Opening '/transcode/4a048e9e1215bab737a45b29e54371f516.mp4' for writing
[hls @ 0x558a17a9d0] Opening '/transcode/4a048e9e1215bab737a45b29e54371f517.mp4' for writing
[hls @ 0x558a17a9d0] Opening '/transcode/4a048e9e1215bab737a45b29e54371f518.mp4' for writing
frame= 1437 fps=958 q=26.0 size=N/A time=00:00:41.62 bitrate=N/A speed=27.7x    
[hls @ 0x558a17a9d0] Opening '/transcode/4a048e9e1215bab737a45b29e54371f519.mp4' for writing
[hls @ 0x558a17a9d0] Opening '/transcode/4a048e9e1215bab737a45b29e54371f520.mp4' for writing
[hls @ 0x558a17a9d0] Opening '/transcode/4a048e9e1215bab737a45b29e54371f521.mp4' for writing
[hls @ 0x558a17a9d0] Opening '/transcode/4a048e9e1215bab737a45b29e54371f522.mp4' for writing
[hls @ 0x558a17a9d0] Opening '/transcode/4a048e9e1215bab737a45b29e54371f523.mp4' for writing
[hls @ 0x558a17a9d0] Opening '/transcode/4a048e9e1215bab737a45b29e54371f524.mp4' for writing
[hls @ 0x558a17a9d0] Opening '/transcode/4a048e9e1215bab737a45b29e54371f525.mp4' for writing
frame= 1925 fps=962 q=28.0 size=N/A time=00:01:01.97 bitrate=N/A speed=  31x    
[hls @ 0x558a17a9d0] Opening '/transcode/4a048e9e1215bab737a45b29e54371f526.mp4' for writing
[hls @ 0x558a17a9d0] Opening '/transcode/4a048e9e1215bab737a45b29e54371f527.mp4' for writing
[hls @ 0x558a17a9d0] Opening '/transcode/4a048e9e1215bab737a45b29e54371f528.mp4' for writing
[hls @ 0x558a17a9d0] Opening '/transcode/4a048e9e1215bab737a45b29e54371f529.mp4' for writing
[hls @ 0x558a17a9d0] Opening '/transcode/4a048e9e1215bab737a45b29e54371f530.mp4' for writing
[hls @ 0x558a17a9d0] Opening '/transcode/4a048e9e1215bab737a45b29e54371f531.mp4' for writing
[hls @ 0x558a17a9d0] Opening '/transcode/4a048e9e1215bab737a45b29e54371f532.mp4' for writing
frame= 2419 fps=967 q=17.0 size=N/A time=00:01:22.58 bitrate=N/A speed=  33x    
[hls @ 0x558a17a9d0] Opening '/transcode/4a048e9e1215bab737a45b29e54371f533.mp4' for writing
[hls @ 0x558a17a9d0] Opening '/transcode/4a048e9e1215bab737a45b29e54371f534.mp4' for writing
[hls @ 0x558a17a9d0] Opening '/transcode/4a048e9e1215bab737a45b29e54371f535.mp4' for writing
[hls @ 0x558a17a9d0] Opening '/transcode/4a048e9e1215bab737a45b29e54371f536.mp4' for writing
[hls @ 0x558a17a9d0] Opening '/transcode/4a048e9e1215bab737a45b29e54371f537.mp4' for writing
[hls @ 0x558a17a9d0] Opening '/transcode/4a048e9e1215bab737a45b29e54371f538.mp4' for writing
[hls @ 0x558a17a9d0] Opening '/transcode/4a048e9e1215bab737a45b29e54371f539.mp4' for writing
frame= 2923 fps=974 q=21.0 size=N/A time=00:01:43.60 bitrate=N/A speed=34.5x    
[hls @ 0x558a17a9d0] Opening '/transcode/4a048e9e1215bab737a45b29e54371f540.mp4' for writing
[hls @ 0x558a17a9d0] Opening '/transcode/4a048e9e1215bab737a45b29e54371f541.mp4' for writing
[hls @ 0x558a17a9d0] Opening '/transcode/4a048e9e1215bab737a45b29e54371f542.mp4' for writing
[hls @ 0x558a17a9d0] Opening '/transcode/4a048e9e1215bab737a45b29e54371f543.mp4' for writing
[hls @ 0x558a17a9d0] Opening '/transcode/4a048e9e1215bab737a45b29e54371f544.mp4' for writing
[hls @ 0x558a17a9d0] Opening '/transcode/4a048e9e1215bab737a45b29e54371f545.mp4' for writing
[hls @ 0x558a17a9d0] Opening '/transcode/4a048e9e1215bab737a45b29e54371f546.mp4' for writing
frame= 3413 fps=975 q=24.0 size=N/A time=00:02:04.04 bitrate=N/A speed=35.4x    
[hls @ 0x558a17a9d0] Opening '/transcode/4a048e9e1215bab737a45b29e54371f547.mp4' for writing
[hls @ 0x558a17a9d0] Opening '/transcode/4a048e9e1215bab737a45b29e54371f548.mp4' for writing
[hls @ 0x558a17a9d0] Opening '/transcode/4a048e9e1215bab737a45b29e54371f549.mp4' for writing
[hls @ 0x558a17a9d0] Opening '/transcode/4a048e9e1215bab737a45b29e54371f550.mp4' for writing
[hls @ 0x558a17a9d0] Opening '/transcode/4a048e9e1215bab737a45b29e54371f551.mp4' for writing
[hls @ 0x558a17a9d0] Opening '/transcode/4a048e9e1215bab737a45b29e54371f552.mp4' for writing
[hls @ 0x558a17a9d0] Opening '/transcode/4a048e9e1215bab737a45b29e54371f553.mp4' for writing
frame= 3905 fps=976 q=24.0 size=N/A time=00:02:24.56 bitrate=N/A speed=36.1x    
[hls @ 0x558a17a9d0] Opening '/transcode/4a048e9e1215bab737a45b29e54371f554.mp4' for writing
[hls @ 0x558a17a9d0] Opening '/transcode/4a048e9e1215bab737a45b29e54371f555.mp4' for writing
[hls @ 0x558a17a9d0] Opening '/transcode/4a048e9e1215bab737a45b29e54371f556.mp4' for writing
[hls @ 0x558a17a9d0] Opening '/transcode/4a048e9e1215bab737a45b29e54371f557.mp4' for writing
[hls @ 0x558a17a9d0] Opening '/transcode/4a048e9e1215bab737a45b29e54371f558.mp4' for writing
[hls @ 0x558a17a9d0] Opening '/transcode/4a048e9e1215bab737a45b29e54371f559.mp4' for writing
frame= 4392 fps=976 q=25.0 size=N/A time=00:02:44.87 bitrate=N/A speed=36.6x    
[hls @ 0x558a17a9d0] Opening '/transcode/4a048e9e1215bab737a45b29e54371f560.mp4' for writing
[hls @ 0x558a17a9d0] Opening '/transcode/4a048e9e1215bab737a45b29e54371f561.mp4' for writing
[hls @ 0x558a17a9d0] Opening '/transcode/4a048e9e1215bab737a45b29e54371f562.mp4' for writing
[hls @ 0x558a17a9d0] Opening '/transcode/4a048e9e1215bab737a45b29e54371f563.mp4' for writing
[hls @ 0x558a17a9d0] Opening '/transcode/4a048e9e1215bab737a45b29e54371f564.mp4' for writing
[hls @ 0x558a17a9d0] Opening '/transcode/4a048e9e1215bab737a45b29e54371f565.mp4' for writing
[hls @ 0x558a17a9d0] Opening '/transcode/4a048e9e1215bab737a45b29e54371f566.mp4' for writing
frame= 4883 fps=976 q=23.0 size=N/A time=00:03:05.35 bitrate=N/A speed=37.1x    
[hls @ 0x558a17a9d0] Opening '/transcode/4a048e9e1215bab737a45b29e54371f567.mp4' for writing
[hls @ 0x558a17a9d0] Opening '/transcode/4a048e9e1215bab737a45b29e54371f568.mp4' for writing
[hls @ 0x558a17a9d0] Opening '/transcode/4a048e9e1215bab737a45b29e54371f569.mp4' for writing
[hls @ 0x558a17a9d0] Opening '/transcode/4a048e9e1215bab737a45b29e54371f570.mp4' for writing
[hls @ 0x558a17a9d0] Opening '/transcode/4a048e9e1215bab737a45b29e54371f571.mp4' for writing
[hls @ 0x558a17a9d0] Opening '/transcode/4a048e9e1215bab737a45b29e54371f572.mp4' for writing
[hls @ 0x558a17a9d0] Opening '/transcode/4a048e9e1215bab737a45b29e54371f573.mp4' for writing
frame= 5386 fps=979 q=21.0 size=N/A time=00:03:26.33 bitrate=N/A speed=37.5x    
[hls @ 0x558a17a9d0] Opening '/transcode/4a048e9e1215bab737a45b29e54371f574.mp4' for writing
[hls @ 0x558a17a9d0] Opening '/transcode/4a048e9e1215bab737a45b29e54371f575.mp4' for writing
[hls @ 0x558a17a9d0] Opening '/transcode/4a048e9e1215bab737a45b29e54371f576.mp4' for writing
[hls @ 0x558a17a9d0] Opening '/transcode/4a048e9e1215bab737a45b29e54371f577.mp4' for writing
[hls @ 0x558a17a9d0] Opening '/transcode/4a048e9e1215bab737a45b29e54371f578.mp4' for writing
[hls @ 0x558a17a9d0] Opening '/transcode/4a048e9e1215bab737a45b29e54371f579.mp4' for writing
[hls @ 0x558a17a9d0] Opening '/transcode/4a048e9e1215bab737a45b29e54371f580.mp4' for writing
frame= 5885 fps=980 q=32.0 size=N/A time=00:03:47.14 bitrate=N/A speed=37.8x    
[hls @ 0x558a17a9d0] Opening '/transcode/4a048e9e1215bab737a45b29e54371f581.mp4' for writing
[hls @ 0x558a17a9d0] Opening '/transcode/4a048e9e1215bab737a45b29e54371f582.mp4' for writing
[hls @ 0x558a17a9d0] Opening '/transcode/4a048e9e1215bab737a45b29e54371f583.mp4' for writing
[hls @ 0x558a17a9d0] Opening '/transcode/4a048e9e1215bab737a45b29e54371f584.mp4' for writing
[hls @ 0x558a17a9d0] Opening '/transcode/4a048e9e1215bab737a45b29e54371f585.mp4' for writing
[hls @ 0x558a17a9d0] Opening '/transcode/4a048e9e1215bab737a45b29e54371f586.mp4' for writing
[hls @ 0x558a17a9d0] Opening '/transcode/4a048e9e1215bab737a45b29e54371f587.mp4' for writing
frame= 6374 fps=980 q=27.0 size=N/A time=00:04:07.53 bitrate=N/A speed=38.1x    
[hls @ 0x558a17a9d0] Opening '/transcode/4a048e9e1215bab737a45b29e54371f588.mp4' for writing
[hls @ 0x558a17a9d0] Opening '/transcode/4a048e9e1215bab737a45b29e54371f589.mp4' for writing
[hls @ 0x558a17a9d0] Opening '/transcode/4a048e9e1215bab737a45b29e54371f590.mp4' for writing
[hls @ 0x558a17a9d0] Opening '/transcode/4a048e9e1215bab737a45b29e54371f591.mp4' for writing
[hls @ 0x558a17a9d0] Opening '/transcode/4a048e9e1215bab737a45b29e54371f592.mp4' for writing
[hls @ 0x558a17a9d0] Opening '/transcode/4a048e9e1215bab737a45b29e54371f593.mp4' for writing
[hls @ 0x558a17a9d0] Opening '/transcode/4a048e9e1215bab737a45b29e54371f594.mp4' for writing
frame= 6865 fps=980 q=20.0 size=N/A time=00:04:28.01 bitrate=N/A speed=38.3x    
[hls @ 0x558a17a9d0] Opening '/transcode/4a048e9e1215bab737a45b29e54371f595.mp4' for writing
[hls @ 0x558a17a9d0] Opening '/transcode/4a048e9e1215bab737a45b29e54371f596.mp4' for writing
[hls @ 0x558a17a9d0] Opening '/transcode/4a048e9e1215bab737a45b29e54371f597.mp4' for writing
[hls @ 0x558a17a9d0] Opening '/transcode/4a048e9e1215bab737a45b29e54371f598.mp4' for writing
[hls @ 0x558a17a9d0] Opening '/transcode/4a048e9e1215bab737a45b29e54371f599.mp4' for writing
[hls @ 0x558a17a9d0] Opening '/transcode/4a048e9e1215bab737a45b29e54371f5100.mp4' for writing
[hls @ 0x558a17a9d0] Opening '/transcode/4a048e9e1215bab737a45b29e54371f5101.mp4' for writing
frame= 7357 fps=981 q=29.0 size=N/A time=00:04:48.53 bitrate=N/A speed=38.5x    
[hls @ 0x558a17a9d0] Opening '/transcode/4a048e9e1215bab737a45b29e54371f5102.mp4' for writing
[hls @ 0x558a17a9d0] Opening '/transcode/4a048e9e1215bab737a45b29e54371f5103.mp4' for writing
[hls @ 0x558a17a9d0] Opening '/transcode/4a048e9e1215bab737a45b29e54371f5104.mp4' for writing
[hls @ 0x558a17a9d0] Opening '/transcode/4a048e9e1215bab737a45b29e54371f5105.mp4' for writing
[hls @ 0x558a17a9d0] Opening '/transcode/4a048e9e1215bab737a45b29e54371f5106.mp4' for writing
[hls @ 0x558a17a9d0] Opening '/transcode/4a048e9e1215bab737a45b29e54371f5107.mp4' for writing
frame= 7847 fps=980 q=25.0 size=N/A time=00:05:08.97 bitrate=N/A speed=38.6x    
[hls @ 0x558a17a9d0] Opening '/transcode/4a048e9e1215bab737a45b29e54371f5108.mp4' for writing
[hls @ 0x558a17a9d0] Opening '/transcode/4a048e9e1215bab737a45b29e54371f5109.mp4' for writing
[hls @ 0x558a17a9d0] Opening '/transcode/4a048e9e1215bab737a45b29e54371f5110.mp4' for writing
[hls @ 0x558a17a9d0] Opening '/transcode/4a048e9e1215bab737a45b29e54371f5111.mp4' for writing
[hls @ 0x558a17a9d0] Opening '/transcode/4a048e9e1215bab737a45b29e54371f5112.mp4' for writing
[hls @ 0x558a17a9d0] Opening '/transcode/4a048e9e1215bab737a45b29e54371f5113.mp4' for writing
[hls @ 0x558a17a9d0] Opening '/transcode/4a048e9e1215bab737a45b29e54371f5114.mp4' for writing
frame= 8339 fps=981 q=29.0 size=N/A time=00:05:29.49 bitrate=N/A speed=38.7x    
[hls @ 0x558a17a9d0] Opening '/transcode/4a048e9e1215bab737a45b29e54371f5115.mp4' for writing
[hls @ 0x558a17a9d0] Opening '/transcode/4a048e9e1215bab737a45b29e54371f5116.mp4' for writing
[hls @ 0x558a17a9d0] Opening '/transcode/4a048e9e1215bab737a45b29e54371f5117.mp4' for writing
[hls @ 0x558a17a9d0] Opening '/transcode/4a048e9e1215bab737a45b29e54371f5118.mp4' for writing
[hls @ 0x558a17a9d0] Opening '/transcode/4a048e9e1215bab737a45b29e54371f5119.mp4' for writing
[hls @ 0x558a17a9d0] Opening '/transcode/4a048e9e1215bab737a45b29e54371f5120.mp4' for writing
[hls @ 0x558a17a9d0] Opening '/transcode/4a048e9e1215bab737a45b29e54371f5121.mp4' for writing
frame= 8817 fps=979 q=26.0 size=N/A time=00:05:49.43 bitrate=N/A speed=38.8x    
[hls @ 0x558a17a9d0] Opening '/transcode/4a048e9e1215bab737a45b29e54371f5122.mp4' for writing
[hls @ 0x558a17a9d0] Opening '/transcode/4a048e9e1215bab737a45b29e54371f5123.mp4' for writing
[hls @ 0x558a17a9d0] Opening '/transcode/4a048e9e1215bab737a45b29e54371f5124.mp4' for writing
[hls @ 0x558a17a9d0] Opening '/transcode/4a048e9e1215bab737a45b29e54371f5125.mp4' for writing
[hls @ 0x558a17a9d0] Opening '/transcode/4a048e9e1215bab737a45b29e54371f5126.mp4' for writing
[hls @ 0x558a17a9d0] Opening '/transcode/4a048e9e1215bab737a45b29e54371f5127.mp4' for writing
[hls @ 0x558a17a9d0] Opening '/transcode/4a048e9e1215bab737a45b29e54371f5128.mp4' for writing
frame= 9306 fps=979 q=25.0 size=N/A time=00:06:09.82 bitrate=N/A speed=38.9x    
[hls @ 0x558a17a9d0] Opening '/transcode/4a048e9e1215bab737a45b29e54371f5129.mp4' for writing
[hls @ 0x558a17a9d0] Opening '/transcode/4a048e9e1215bab737a45b29e54371f5130.mp4' for writing
[hls @ 0x558a17a9d0] Opening '/transcode/4a048e9e1215bab737a45b29e54371f5131.mp4' for writing
[hls @ 0x558a17a9d0] Opening '/transcode/4a048e9e1215bab737a45b29e54371f5132.mp4' for writing
[hls @ 0x558a17a9d0] Opening '/transcode/4a048e9e1215bab737a45b29e54371f5133.mp4' for writing
[hls @ 0x558a17a9d0] Opening '/transcode/4a048e9e1215bab737a45b29e54371f5134.mp4' for writing
[hls @ 0x558a17a9d0] Opening '/transcode/4a048e9e1215bab737a45b29e54371f5135.mp4' for writing
frame= 9803 fps=980 q=25.0 size=N/A time=00:06:30.55 bitrate=N/A speed=  39x    
[hls @ 0x558a17a9d0] Opening '/transcode/4a048e9e1215bab737a45b29e54371f5136.mp4' for writing
[hls @ 0x558a17a9d0] Opening '/transcode/4a048e9e1215bab737a45b29e54371f5137.mp4' for writing
[hls @ 0x558a17a9d0] Opening '/transcode/4a048e9e1215bab737a45b29e54371f5138.mp4' for writing
[hls @ 0x558a17a9d0] Opening '/transcode/4a048e9e1215bab737a45b29e54371f5139.mp4' for writing
[hls @ 0x558a17a9d0] Opening '/transcode/4a048e9e1215bab737a45b29e54371f5140.mp4' for writing
[hls @ 0x558a17a9d0] Opening '/transcode/4a048e9e1215bab737a45b29e54371f5141.mp4' for writing
[hls @ 0x558a17a9d0] Opening '/transcode/4a048e9e1215bab737a45b29e54371f5142.mp4' for writing

Transcoding is paused. Press [u] to resume.
frame=10302 fps=981 q=16.0 size=N/A time=00:06:51.36 bitrate=N/A speed=39.2x    
[hls @ 0x558a17a9d0] Opening '/transcode/4a048e9e1215bab737a45b29e54371f5143.mp4' for writing
[hls @ 0x558a17a9d0] Opening '/transcode/4a048e9e1215bab737a45b29e54371f5144.mp4' for writing
[hls @ 0x558a17a9d0] Opening '/transcode/4a048e9e1215bab737a45b29e54371f5145.mp4' for writing
[hls @ 0x558a17a9d0] Opening '/transcode/4a048e9e1215bab737a45b29e54371f5146.mp4' for writing
[hls @ 0x558a17a9d0] Opening '/transcode/4a048e9e1215bab737a45b29e54371f5147.mp4' for writing
[hls @ 0x558a17a9d0] Opening '/transcode/4a048e9e1215bab737a45b29e54371f5148.mp4' for writing


[q] command received. Exiting.

[hls @ 0x558a17a9d0] Opening '/transcode/4a048e9e1215bab737a45b29e54371f5149.mp4' for writing
[hls @ 0x558a17a9d0] Opening '/transcode/4a048e9e1215bab737a45b29e54371f5150.mp4' for writing
[out#0/hls @ 0x558a17a900] video:30645KiB audio:7040KiB subtitle:0KiB other streams:0KiB global headers:0KiB muxing overhead: unknown
frame=10803 fps=980 q=20.0 Lsize=N/A time=00:07:12.26 bitrate=N/A speed=39.2x    