{"Protocol":0,"Id":"7f1a50ecfbccd211e04d96425632e60b","Path":"/media/movies/The Matrix.mkv","EncoderPath":null,"EncoderProtocol":null,"Type":0,"Container":"mkv","Size":464052522,"Name":"The Matrix","IsRemote":false,"ETag":"a64c8462e942f2a654356993976aa5f7","RunTimeTicks":81845520000,"ReadAtNativeFramerate":false,"IgnoreDts":false,"IgnoreIndex":false,"GenPtsInput":false,"SupportsTranscoding":true,"SupportsDirectStream":true,"SupportsDirectPlay":true,"IsInfiniteStream":false,"UseMostCompatibleTranscodingProfile":false,"RequiresOpening":false,"OpenToken":null,"RequiresClosing":false,"LiveStreamId":null,"BufferMs":null,"RequiresLooping":false,"SupportsProbing":true,"VideoType":0,"IsoType":null,"Video3DFormat":null,"MediaStreams":[{"Codec":"hevc","CodecTag":null,"Language":null,"ColorRange":null,"ColorSpace":"smpte170m","ColorTransfer":"bt709","ColorPrimaries":"smpte170m","DvVersionMajor":null,"DvVersionMinor":null,"DvProfile":null,"DvLevel":null,"RpuPresentFlag":null,"ElPresentFlag":null,"BlPresentFlag":null,"DvBlSignalCompatibilityId":null,"Rotation":null,"Comment":null,"TimeBase":"1/1000","CodecTimeBase":null,"Title":null,"VideoRange":1,"VideoRangeType":1,"VideoDoViTitle":null,"AudioSpatialFormat":0,"LocalizedUndefined":null,"LocalizedDefault":null,"LocalizedForced":null,"LocalizedExternal":null,"LocalizedHearingImpaired":null,"DisplayTitle":"404p HEVC SDR","NalLengthSize":null,"IsInterlaced":false,"IsAVC":false,"ChannelLayout":null,"BitRate":453588,"BitDepth":8,"RefFrames":1,"PacketLength":null,"Channels":null,"SampleRate":null,"IsDefault":true,"IsForced":false,"IsHearingImpaired":false,"Height":300,"Width":714,"AverageFrameRate":23.976025,"RealFrameRate":23.976025,"ReferenceFrameRate":23.976025,"Profile":"Main","Type":1,"AspectRatio":"2.40:1","Index":0,"Score":null,"IsExternal":false,"DeliveryMethod":null,"DeliveryUrl":null,"IsExternalUrl":null,"IsTextSubtitleStream":false,"SupportsExternalStream":false,"Path":null,"PixelFormat":"yuv420p","Level":63,"IsAnamorphic":false},{"Codec":"aac","CodecTag":null,"Language":"eng","ColorRange":null,"ColorSpace":null,"ColorTransfer":null,"ColorPrimaries":null,"DvVersionMajor":null,"DvVersionMinor":null,"DvProfile":null,"DvLevel":null,"RpuPresentFlag":null,"ElPresentFlag":null,"BlPresentFlag":null,"DvBlSignalCompatibilityId":null,"Rotation":null,"Comment":null,"TimeBase":"1/1000","CodecTimeBase":null,"Title":"English (aac 2.0)","VideoRange":0,"VideoRangeType":0,"VideoDoViTitle":null,"AudioSpatialFormat":0,"LocalizedUndefined":null,"LocalizedDefault":"Default","LocalizedForced":null,"LocalizedExternal":"External","LocalizedHearingImpaired":null,"DisplayTitle":"English (aac 2.0) - Stereo - Default","NalLengthSize":null,"IsInterlaced":false,"IsAVC":false,"ChannelLayout":"stereo","BitRate":192000,"BitDepth":null,"RefFrames":null,"PacketLength":null,"Channels":2,"SampleRate":48000,"IsDefault":true,"IsForced":false,"IsHearingImpaired":false,"Height":null,"Width":null,"AverageFrameRate":null,"RealFrameRate":null,"ReferenceFrameRate":null,"Profile":"LC","Type":0,"AspectRatio":null,"Index":1,"Score":null,"IsExternal":false,"DeliveryMethod":null,"DeliveryUrl":null,"IsExternalUrl":null,"IsTextSubtitleStream":false,"SupportsExternalStream":false,"Path":null,"PixelFormat":null,"Level":0,"IsAnamorphic":null},{"Codec":"DVDSUB","CodecTag":null,"Language":"eng","ColorRange":null,"ColorSpace":null,"ColorTransfer":null,"ColorPrimaries":null,"DvVersionMajor":null,"DvVersionMinor":null,"DvProfile":null,"DvLevel":null,"RpuPresentFlag":null,"ElPresentFlag":null,"BlPresentFlag":null,"DvBlSignalCompatibilityId":null,"Rotation":null,"Comment":null,"TimeBase":"1/1000","CodecTimeBase":null,"Title":null,"VideoRange":0,"VideoRangeType":0,"VideoDoViTitle":null,"AudioSpatialFormat":0,"LocalizedUndefined":"Undefined","LocalizedDefault":"Default","LocalizedForced":"Forced","LocalizedExternal":"External","LocalizedHearingImpaired":"Hearing Impaired","DisplayTitle":"English - DVDSUB","NalLengthSize":null,"IsInterlaced":false,"IsAVC":false,"ChannelLayout":null,"BitRate":null,"BitDepth":null,"RefFrames":null,"PacketLength":null,"Channels":null,"SampleRate":null,"IsDefault":false,"IsForced":false,"IsHearingImpaired":false,"Height":0,"Width":0,"AverageFrameRate":null,"RealFrameRate":null,"ReferenceFrameRate":null,"Profile":null,"Type":2,"AspectRatio":null,"Index":2,"Score":null,"IsExternal":false,"DeliveryMethod":null,"DeliveryUrl":null,"IsExternalUrl":null,"IsTextSubtitleStream":false,"SupportsExternalStream":false,"Path":null,"PixelFormat":null,"Level":0,"IsAnamorphic":null},{"Codec":"mjpeg","CodecTag":null,"Language":null,"ColorRange":null,"ColorSpace":"bt470bg","ColorTransfer":null,"ColorPrimaries":null,"DvVersionMajor":null,"DvVersionMinor":null,"DvProfile":null,"DvLevel":null,"RpuPresentFlag":null,"ElPresentFlag":null,"BlPresentFlag":null,"DvBlSignalCompatibilityId":null,"Rotation":null,"Comment":null,"TimeBase":"1/90000","CodecTimeBase":null,"Title":null,"VideoRange":0,"VideoRangeType":0,"VideoDoViTitle":null,"AudioSpatialFormat":0,"LocalizedUndefined":null,"LocalizedDefault":null,"LocalizedForced":null,"LocalizedExternal":null,"LocalizedHearingImpaired":null,"DisplayTitle":null,"NalLengthSize":null,"IsInterlaced":false,"IsAVC":false,"ChannelLayout":null,"BitRate":null,"BitDepth":8,"RefFrames":1,"PacketLength":null,"Channels":null,"SampleRate":null,"IsDefault":false,"IsForced":false,"IsHearingImpaired":false,"Height":750,"Width":500,"AverageFrameRate":null,"RealFrameRate":90000,"ReferenceFrameRate":90000,"Profile":"Progressive","Type":3,"AspectRatio":"2:3","Index":3,"Score":null,"IsExternal":false,"DeliveryMethod":null,"DeliveryUrl":null,"IsExternalUrl":null,"IsTextSubtitleStream":false,"SupportsExternalStream":false,"Path":null,"PixelFormat":"yuvj420p","Level":-99,"IsAnamorphic":false}],"MediaAttachments":[{"Codec":"mjpeg","CodecTag":"[0][0][0][0]","Comment":null,"Index":3,"FileName":"cover.jpg","MimeType":"image/jpeg","DeliveryUrl":null}],"Formats":[],"Bitrate":645588,"FallbackMaxStreamingBitrate":null,"Timestamp":null,"RequiredHttpHeaders":{},"TranscodingUrl":null,"TranscodingSubProtocol":0,"TranscodingContainer":null,"AnalyzeDurationMs":null,"DefaultAudioStreamIndex":null,"DefaultSubtitleStreamIndex":null,"HasSegments":false}

/usr/lib/jellyfin-ffmpeg/ffmpeg -analyzeduration 200M -probesize 1G -f matroska -init_hw_device rkmpp=rk -hwaccel rkmpp -hwaccel_output_format drm_prime -noautorotate -afbc rga -i file:"/media/movies/The Matrix.mkv" -noautoscale -map_metadata -1 -map_chapters -1 -threads 0 -map 0:0 -map 0:1 -map -0:s -codec:v:0 h264_rkmpp -b:v 2834925 -maxrate 2834925 -bufsize 5669850 -profile:v:0 high -level 51 -g:v:0 72 -keyint_min:v:0 72 -vf "setparams=color_primaries=bt709:color_trc=bt709:colorspace=bt709,vpp_rkrga=format=nv12:afbc=1" -codec:a:0 copy -copyts -avoid_negative_ts disabled -max_muxing_queue_size 2048 -f hls -max_delay 5000000 -hls_time 3 -hls_segment_type fmp4 -hls_fmp4_init_filename "cdcc45f577d5ef684e4e3427737d7bb7-1.mp4" -start_number 0 -hls_segment_filename "/transcode/cdcc45f577d5ef684e4e3427737d7bb7%d.mp4" -hls_playlist_type vod -hls_list_size 0 -hls_segment_options movflags=+frag_discont -y "/transcode/cdcc45f577d5ef684e4e3427737d7bb7.m3u8"


ffmpeg version 7.1.3-Jellyfin Copyright (c) 2000-2025 the FFmpeg developers
  built with gcc 12 (Debian 12.2.0-14)
  configuration: --prefix=/usr/lib/jellyfin-ffmpeg --target-os=linux --extra-version=Jellyfin --disable-doc --disable-ffplay --disable-static --disable-libxcb --disable-sdl2 --disable-xlib --enable-lto=auto --enable-gpl --enable-version3 --enable-shared --enable-gmp --enable-gnutls --enable-chromaprint --enable-opencl --enable-libdrm --enable-libxml2 --enable-libass --enable-libfreetype --enable-libfribidi --enable-libfontconfig --enable-libharfbuzz --enable-libbluray --enable-libmp3lame --enable-libopus --enable-libtheora --enable-libvorbis --enable-libopenmpt --enable-libdav1d --enable-libsvtav1 --enable-libwebp --enable-libvpx --enable-libx264 --enable-libx265 --enable-libzvbi --enable-libzimg --enable-libfdk-aac --arch=arm64 --cross-prefix=/usr/bin/aarch64-linux-gnu- --toolchain=hardened --enable-cross-compile --enable-rkmpp --enable-rkrga --enable-ffnvcodec --enable-cuda --enable-cuda-llvm --enable-cuvid --enable-nvdec --enable-nvenc
  libavutil      59. 39.100 / 59. 39.100
  libavcodec     61. 19.101 / 61. 19.101
  libavformat    61.  7.100 / 61.  7.100
  libavdevice    61.  3.100 / 61.  3.100
  libavfilter    10.  4.100 / 10.  4.100
  libswscale      8.  3.100 /  8.  3.100
  libswresample   5.  3.100 /  5.  3.100
  libpostproc    58.  3.100 / 58.  3.100
Input #0, matroska,webm, from 'file:/media/movies/The Matrix.mkv':
  Metadata:
    title           : The Matrix
    DATE_RELEASED   : 1999
    creation_time   : 2026-06-07T20:55:17.000000Z
    ARTIST          : Lana Wachowski & Lilly Wachowski
    DESCRIPTION     : Set in the 22nd century, The Matrix tells the story of a computer hacker who joins a group of underground insurgents fighting the vast and powerful computers who now rule the earth.
    GENRE           : Action & Science Fiction
    SYNOPSIS        : Set in the 22nd century, The Matrix tells the story of a computer hacker who joins a group of underground insurgents fighting the vast and powerful computers who now rule the earth.
    ENCODER         : Lavf62.3.100
  Duration: 02:16:24.55, start: -0.021000, bitrate: 453 kb/s
  Chapters:
    Chapter #0:0: start 0.000000, end 206.164000
      Metadata:
        title           : Chapter 1
    Chapter #0:1: start 206.164000, end 395.854000
      Metadata:
        title           : Chapter 2
    Chapter #0:2: start 395.854000, end 582.707000
      Metadata:
        title           : Chapter 3
    Chapter #0:3: start 582.707000, end 718.176000
      Metadata:
        title           : Chapter 4
    Chapter #0:4: start 718.176000, end 1007.006000
      Metadata:
        title           : Chapter 5
    Chapter #0:5: start 1007.006000, end 1291.874000
      Metadata:
        title           : Chapter 6
    Chapter #0:6: start 1291.874000, end 1507.673000
      Metadata:
        title           : Chapter 7
    Chapter #0:7: start 1507.673000, end 1730.020000
      Metadata:
        title           : Chapter 8
    Chapter #0:8: start 1730.020000, end 1943.900000
      Metadata:
        title           : Chapter 9
    Chapter #0:9: start 1943.900000, end 2120.243000
      Metadata:
        title           : Chapter 10
    Chapter #0:10: start 2120.243000, end 2319.067000
      Metadata:
        title           : Chapter 11
    Chapter #0:11: start 2319.067000, end 2660.575000
      Metadata:
        title           : Chapter 12
    Chapter #0:12: start 2660.575000, end 2791.205000
      Metadata:
        title           : Chapter 13
    Chapter #0:13: start 2791.205000, end 2935.516000
      Metadata:
        title           : Chapter 14
    Chapter #0:14: start 2935.516000, end 3208.664000
      Metadata:
        title           : Chapter 15
    Chapter #0:15: start 3208.664000, end 3389.177000
      Metadata:
        title           : Chapter 16
    Chapter #0:16: start 3389.177000, end 3538.160000
      Metadata:
        title           : Chapter 17
    Chapter #0:17: start 3538.160000, end 3665.412000
      Metadata:
        title           : Chapter 18
    Chapter #0:18: start 3665.412000, end 3913.201000
      Metadata:
        title           : Chapter 19
    Chapter #0:19: start 3913.201000, end 4063.184000
      Metadata:
        title           : Chapter 20
    Chapter #0:20: start 4063.184000, end 4349.679000
      Metadata:
        title           : Chapter 21
    Chapter #0:21: start 4349.679000, end 4665.494000
      Metadata:
        title           : Chapter 22
    Chapter #0:22: start 4665.494000, end 4858.812000
      Metadata:
        title           : Chapter 23
    Chapter #0:23: start 4858.812000, end 5100.846000
      Metadata:
        title           : Chapter 24
    Chapter #0:24: start 5100.846000, end 5380.166000
      Metadata:
        title           : Chapter 25
    Chapter #0:25: start 5380.166000, end 5482.644000
      Metadata:
        title           : Chapter 26
    Chapter #0:26: start 5482.644000, end 5840.001000
      Metadata:
        title           : Chapter 27
    Chapter #0:27: start 5840.001000, end 6059.345000
      Metadata:
        title           : Chapter 28
    Chapter #0:28: start 6059.345000, end 6254.707000
      Metadata:
        title           : Chapter 29
    Chapter #0:29: start 6254.707000, end 6414.700000
      Metadata:
        title           : Chapter 30
    Chapter #0:30: start 6414.700000, end 6612.356000
      Metadata:
        title           : Chapter 31
    Chapter #0:31: start 6612.356000, end 6770.347000
      Metadata:
        title           : Chapter 32
    Chapter #0:32: start 6770.347000, end 6990.484000
      Metadata:
        title           : Chapter 33
    Chapter #0:33: start 6990.484000, end 7122.866000
      Metadata:
        title           : Chapter 34
    Chapter #0:34: start 7122.866000, end 7340.625000
      Metadata:
        title           : Chapter 35
    Chapter #0:35: start 7340.625000, end 7534.819000
      Metadata:
        title           : Chapter 36
    Chapter #0:36: start 7534.819000, end 7719.670000
      Metadata:
        title           : Chapter 37
    Chapter #0:37: start 7719.670000, end 8184.468000
      Metadata:
        title           : Chapter 38
  Stream #0:0: Video: hevc (Main), yuv420p(tv, smpte170m/smpte170m/bt709), 714x300 [SAR 1:1 DAR 119:50], 23.98 fps, 23.98 tbr, 1k tbn (default)
      Metadata:
        DURATION        : 02:16:24.552000000
  Stream #0:1(eng): Audio: aac (LC), 48000 Hz, stereo, fltp (default)
      Metadata:
        title           : English (aac 2.0)
        DURATION        : 02:16:22.954000000
  Stream #0:2(eng): Subtitle: dvd_subtitle (dvdsub)
      Metadata:
        DURATION        : 02:08:43.744000000
  Stream #0:3: Video: mjpeg (Progressive), yuvj420p(pc, bt470bg/unknown/unknown), 500x750 [SAR 1:1 DAR 2:3], 90k tbr, 90k tbn (attached pic)
      Metadata:
        filename        : cover.jpg
        mimetype        : image/jpeg
[hevc_rkmpp @ 0x557cabe370] Failed to init MPP context: -1
[vist#0:0/hevc @ 0x557caeb340] [dec:hevc_rkmpp @ 0x557cb08610] Error while opening decoder: Generic error in an external library
Error opening output file /transcode/cdcc45f577d5ef684e4e3427737d7bb7.m3u8.
Error opening output files: Generic error in an external library