{"Protocol":0,"Id":"c5eb23a8357d65eef6e2464cec2b12eb","Path":"/media/movies/Star Wars IV.mp4","EncoderPath":null,"EncoderProtocol":null,"Type":0,"Container":"mov,mp4,m4a,3gp,3g2,mj2","Size":1327407877,"Name":"Star Wars IV","IsRemote":false,"ETag":"ff315d5c3c9407ce4a8916049aa5ee4a","RunTimeTicks":74848827210,"ReadAtNativeFramerate":false,"IgnoreDts":false,"IgnoreIndex":false,"GenPtsInput":false,"SupportsTranscoding":true,"SupportsDirectStream":true,"SupportsDirectPlay":true,"IsInfiniteStream":false,"UseMostCompatibleTranscodingProfile":false,"RequiresOpening":false,"OpenToken":null,"RequiresClosing":false,"LiveStreamId":null,"BufferMs":null,"RequiresLooping":false,"SupportsProbing":true,"VideoType":0,"IsoType":null,"Video3DFormat":null,"MediaStreams":[{"Codec":"h264","CodecTag":"avc1","Language":"und","ColorRange":null,"ColorSpace":"bt709","ColorTransfer":"bt709","ColorPrimaries":"bt709","DvVersionMajor":null,"DvVersionMinor":null,"DvProfile":null,"DvLevel":null,"RpuPresentFlag":null,"ElPresentFlag":null,"BlPresentFlag":null,"DvBlSignalCompatibilityId":null,"Rotation":null,"Comment":null,"TimeBase":"1/24000","CodecTimeBase":null,"Title":null,"VideoRange":1,"VideoRangeType":1,"VideoDoViTitle":null,"AudioSpatialFormat":0,"LocalizedUndefined":null,"LocalizedDefault":null,"LocalizedForced":null,"LocalizedExternal":null,"LocalizedHearingImpaired":null,"DisplayTitle":"1080p H264 SDR","NalLengthSize":"4","IsInterlaced":false,"IsAVC":true,"ChannelLayout":null,"BitRate":1288463,"BitDepth":8,"RefFrames":1,"PacketLength":null,"Channels":null,"SampleRate":null,"IsDefault":true,"IsForced":false,"IsHearingImpaired":false,"Height":816,"Width":1916,"AverageFrameRate":23.976025,"RealFrameRate":23.976025,"ReferenceFrameRate":23.976025,"Profile":"High","Type":1,"AspectRatio":"2.35:1","Index":0,"Score":null,"IsExternal":false,"DeliveryMethod":null,"DeliveryUrl":null,"IsExternalUrl":null,"IsTextSubtitleStream":false,"SupportsExternalStream":false,"Path":null,"PixelFormat":"yuv420p","Level":40,"IsAnamorphic":false},{"Codec":"aac","CodecTag":"mp4a","Language":"und","ColorRange":null,"ColorSpace":null,"ColorTransfer":null,"ColorPrimaries":null,"DvVersionMajor":null,"DvVersionMinor":null,"DvProfile":null,"DvLevel":null,"RpuPresentFlag":null,"ElPresentFlag":null,"BlPresentFlag":null,"DvBlSignalCompatibilityId":null,"Rotation":null,"Comment":null,"TimeBase":"1/44100","CodecTimeBase":null,"Title":"ISO Media file produced by Google Inc.","VideoRange":0,"VideoRangeType":0,"VideoDoViTitle":null,"AudioSpatialFormat":0,"LocalizedUndefined":null,"LocalizedDefault":"Default","LocalizedForced":null,"LocalizedExternal":"External","LocalizedHearingImpaired":null,"DisplayTitle":"ISO Media file produced by Google Inc. - AAC - Stereo - Default","NalLengthSize":null,"IsInterlaced":false,"IsAVC":false,"ChannelLayout":"stereo","BitRate":127999,"BitDepth":null,"RefFrames":null,"PacketLength":null,"Channels":2,"SampleRate":44100,"IsDefault":true,"IsForced":false,"IsHearingImpaired":false,"Height":null,"Width":null,"AverageFrameRate":null,"RealFrameRate":null,"ReferenceFrameRate":null,"Profile":"LC","Type":0,"AspectRatio":null,"Index":1,"Score":null,"IsExternal":false,"DeliveryMethod":null,"DeliveryUrl":null,"IsExternalUrl":null,"IsTextSubtitleStream":false,"SupportsExternalStream":false,"Path":null,"PixelFormat":null,"Level":0,"IsAnamorphic":null}],"MediaAttachments":[],"Formats":[],"Bitrate":1418761,"FallbackMaxStreamingBitrate":null,"Timestamp":null,"RequiredHttpHeaders":{},"TranscodingUrl":null,"TranscodingSubProtocol":0,"TranscodingContainer":null,"AnalyzeDurationMs":null,"DefaultAudioStreamIndex":null,"DefaultSubtitleStreamIndex":null,"HasSegments":false}

/usr/lib/jellyfin-ffmpeg/ffmpeg -analyzeduration 200M -probesize 1G -f mov,mp4,m4a,3gp,3g2,mj2 -init_hw_device rkmpp=rk -hwaccel rkmpp -hwaccel_output_format drm_prime -noautorotate -afbc rga -i file:"/media/movies/Star Wars IV.mp4" -noautoscale -map_metadata -1 -map_chapters -1 -threads 0 -map 0:0 -map 0:1 -map -0:s -codec:v:0 h264_rkmpp -b:v 592001 -maxrate 592001 -bufsize 1184002 -profile:v:0 high -level 40 -g:v:0 72 -keyint_min:v:0 72 -vf "setparams=color_primaries=bt709:color_trc=bt709:colorspace=bt709,vpp_rkrga=w=960:h=408:format=nv12:afbc=1" -codec:a:0 copy -copyts -avoid_negative_ts disabled -max_muxing_queue_size 2048 -f hls -max_delay 5000000 -hls_time 3 -hls_segment_type fmp4 -hls_fmp4_init_filename "e6d1a9568ca203db8d31df34f6244628-1.mp4" -start_number 0 -hls_segment_filename "/transcode/e6d1a9568ca203db8d31df34f6244628%d.mp4" -hls_playlist_type vod -hls_list_size 0 -hls_segment_options movflags=+frag_discont -y "/transcode/e6d1a9568ca203db8d31df34f6244628.m3u8"


ffmpeg version 7.1.3-Jellyfin Copyright (c) 2000-2025 the FFmpeg developers
  built with gcc 12 (Debian 12.2.0-14)
  configuration: --prefix=/usr/lib/jellyfin-ffmpeg --target-os=linux --extra-version=Jellyfin --disable-doc --disable-ffplay --disable-static --disable-libxcb --disable-sdl2 --disable-xlib --enable-lto=auto --enable-gpl --enable-version3 --enable-shared --enable-gmp --enable-gnutls --enable-chromaprint --enable-opencl --enable-libdrm --enable-libxml2 --enable-libass --enable-libfreetype --enable-libfribidi --enable-libfontconfig --enable-libharfbuzz --enable-libbluray --enable-libmp3lame --enable-libopus --enable-libtheora --enable-libvorbis --enable-libopenmpt --enable-libdav1d --enable-libsvtav1 --enable-libwebp --enable-libvpx --enable-libx264 --enable-libx265 --enable-libzvbi --enable-libzimg --enable-libfdk-aac --arch=arm64 --cross-prefix=/usr/bin/aarch64-linux-gnu- --toolchain=hardened --enable-cross-compile --enable-rkmpp --enable-rkrga --enable-ffnvcodec --enable-cuda --enable-cuda-llvm --enable-cuvid --enable-nvdec --enable-nvenc
  libavutil      59. 39.100 / 59. 39.100
  libavcodec     61. 19.101 / 61. 19.101
  libavformat    61.  7.100 / 61.  7.100
  libavdevice    61.  3.100 / 61.  3.100
  libavfilter    10.  4.100 / 10.  4.100
  libswscale      8.  3.100 /  8.  3.100
  libswresample   5.  3.100 /  5.  3.100
  libpostproc    58.  3.100 / 58.  3.100
Input #0, mov,mp4,m4a,3gp,3g2,mj2, from 'file:/media/movies/Star Wars IV.mp4':
  Metadata:
    major_brand     : mp42
    minor_version   : 0
    compatible_brands: isommp42
    creation_time   : 2012-02-17T13:43:16.000000Z
    encoder         : Google
  Duration: 02:04:44.88, start: 0.000000, bitrate: 1418 kb/s
  Stream #0:0[0x1](und): Video: h264 (High) (avc1 / 0x31637661), yuv420p(tv, bt709, progressive), 1916x816 [SAR 1:1 DAR 479:204], 1288 kb/s, 23.98 fps, 23.98 tbr, 24k tbn (default)
      Metadata:
        handler_name    : ISO Media file produced by Google Inc.
        vendor_id       : [0][0][0][0]
  Stream #0:1[0x2](und): Audio: aac (LC) (mp4a / 0x6134706D), 44100 Hz, stereo, fltp, 127 kb/s (default)
      Metadata:
        handler_name    : ISO Media file produced by Google Inc.
        vendor_id       : [0][0][0][0]
Stream mapping:
  Stream #0:0 -> #0:0 (h264 (h264_rkmpp) -> h264 (h264_rkmpp))
  Stream #0:1 -> #0:1 (copy)
Press [q] to stop, [?] for help
[hls @ 0x55ce2b9240] Opening '/transcode/e6d1a9568ca203db8d31df34f6244628-1.mp4' for writing
Output #0, hls, to '/transcode/e6d1a9568ca203db8d31df34f6244628.m3u8':
  Metadata:
    encoder         : Lavf61.7.100
  Stream #0:0: Video: h264 (High), drm_prime(tv, bt709, progressive), 960x408 [SAR 479:480 DAR 479:204], q=2-31, 592 kb/s, 23.98 fps, 24k tbn (default)
      Metadata:
        encoder         : Lavc61.19.101 h264_rkmpp
  Stream #0:1: Audio: aac (LC) (mp4a / 0x6134706D), 44100 Hz, stereo, fltp, 127 kb/s (default)
[hls @ 0x55ce2b9240] Opening '/transcode/e6d1a9568ca203db8d31df34f62446280.mp4' for writing
[hls @ 0x55ce2b9240] Opening '/transcode/e6d1a9568ca203db8d31df34f62446281.mp4' for writing
[hls @ 0x55ce2b9240] Opening '/transcode/e6d1a9568ca203db8d31df34f62446282.mp4' for writing
[hls @ 0x55ce2b9240] Opening '/transcode/e6d1a9568ca203db8d31df34f62446283.mp4' for writing
[hls @ 0x55ce2b9240] Opening '/transcode/e6d1a9568ca203db8d31df34f62446284.mp4' for writing
[hls @ 0x55ce2b9240] Opening '/transcode/e6d1a9568ca203db8d31df34f62446285.mp4' for writing
frame=  491 fps=0.0 q=1.0 size=N/A time=00:00:00.00 bitrate=N/A speed=   0x    
[hls @ 0x55ce2b9240] Opening '/transcode/e6d1a9568ca203db8d31df34f62446286.mp4' for writing
[hls @ 0x55ce2b9240] Opening '/transcode/e6d1a9568ca203db8d31df34f62446287.mp4' for writing
[hls @ 0x55ce2b9240] Opening '/transcode/e6d1a9568ca203db8d31df34f62446288.mp4' for writing
[hls @ 0x55ce2b9240] Opening '/transcode/e6d1a9568ca203db8d31df34f62446289.mp4' for writing
[hls @ 0x55ce2b9240] Opening '/transcode/e6d1a9568ca203db8d31df34f624462810.mp4' for writing
[hls @ 0x55ce2b9240] Opening '/transcode/e6d1a9568ca203db8d31df34f624462811.mp4' for writing
[hls @ 0x55ce2b9240] Opening '/transcode/e6d1a9568ca203db8d31df34f624462812.mp4' for writing
[hls @ 0x55ce2b9240] Opening '/transcode/e6d1a9568ca203db8d31df34f624462813.mp4' for writing
frame= 1009 fps=1009 q=14.0 size=N/A time=00:00:21.60 bitrate=N/A speed=21.6x    
[hls @ 0x55ce2b9240] Opening '/transcode/e6d1a9568ca203db8d31df34f624462814.mp4' for writing
[hls @ 0x55ce2b9240] Opening '/transcode/e6d1a9568ca203db8d31df34f624462815.mp4' for writing
[hls @ 0x55ce2b9240] Opening '/transcode/e6d1a9568ca203db8d31df34f624462816.mp4' for writing
[hls @ 0x55ce2b9240] Opening '/transcode/e6d1a9568ca203db8d31df34f624462817.mp4' for writing
[hls @ 0x55ce2b9240] Opening '/transcode/e6d1a9568ca203db8d31df34f624462818.mp4' for writing
[hls @ 0x55ce2b9240] Opening '/transcode/e6d1a9568ca203db8d31df34f624462819.mp4' for writing
[hls @ 0x55ce2b9240] Opening '/transcode/e6d1a9568ca203db8d31df34f624462820.mp4' for writing
frame= 1524 fps=1016 q=26.0 size=N/A time=00:00:43.08 bitrate=N/A speed=28.7x    
[hls @ 0x55ce2b9240] Opening '/transcode/e6d1a9568ca203db8d31df34f624462821.mp4' for writing
[hls @ 0x55ce2b9240] Opening '/transcode/e6d1a9568ca203db8d31df34f624462822.mp4' for writing
[hls @ 0x55ce2b9240] Opening '/transcode/e6d1a9568ca203db8d31df34f624462823.mp4' for writing
[hls @ 0x55ce2b9240] Opening '/transcode/e6d1a9568ca203db8d31df34f624462824.mp4' for writing
[hls @ 0x55ce2b9240] Opening '/transcode/e6d1a9568ca203db8d31df34f624462825.mp4' for writing
[hls @ 0x55ce2b9240] Opening '/transcode/e6d1a9568ca203db8d31df34f624462826.mp4' for writing
frame= 2016 fps=1008 q=27.0 size=N/A time=00:01:03.60 bitrate=N/A speed=31.8x    
[hls @ 0x55ce2b9240] Opening '/transcode/e6d1a9568ca203db8d31df34f624462827.mp4' for writing
[hls @ 0x55ce2b9240] Opening '/transcode/e6d1a9568ca203db8d31df34f624462828.mp4' for writing
[hls @ 0x55ce2b9240] Opening '/transcode/e6d1a9568ca203db8d31df34f624462829.mp4' for writing
[hls @ 0x55ce2b9240] Opening '/transcode/e6d1a9568ca203db8d31df34f624462830.mp4' for writing
[hls @ 0x55ce2b9240] Opening '/transcode/e6d1a9568ca203db8d31df34f624462831.mp4' for writing
[hls @ 0x55ce2b9240] Opening '/transcode/e6d1a9568ca203db8d31df34f624462832.mp4' for writing
[hls @ 0x55ce2b9240] Opening '/transcode/e6d1a9568ca203db8d31df34f624462833.mp4' for writing
[hls @ 0x55ce2b9240] Opening '/transcode/e6d1a9568ca203db8d31df34f624462834.mp4' for writing
frame= 2530 fps=1012 q=13.0 size=N/A time=00:01:25.04 bitrate=N/A speed=  34x    
[hls @ 0x55ce2b9240] Opening '/transcode/e6d1a9568ca203db8d31df34f624462835.mp4' for writing
[hls @ 0x55ce2b9240] Opening '/transcode/e6d1a9568ca203db8d31df34f624462836.mp4' for writing
[hls @ 0x55ce2b9240] Opening '/transcode/e6d1a9568ca203db8d31df34f624462837.mp4' for writing
[hls @ 0x55ce2b9240] Opening '/transcode/e6d1a9568ca203db8d31df34f624462838.mp4' for writing
[hls @ 0x55ce2b9240] Opening '/transcode/e6d1a9568ca203db8d31df34f624462839.mp4' for writing
[hls @ 0x55ce2b9240] Opening '/transcode/e6d1a9568ca203db8d31df34f624462840.mp4' for writing
[hls @ 0x55ce2b9240] Opening '/transcode/e6d1a9568ca203db8d31df34f624462841.mp4' for writing
frame= 3036 fps=1012 q=19.0 size=N/A time=00:01:46.14 bitrate=N/A speed=35.4x    
[hls @ 0x55ce2b9240] Opening '/transcode/e6d1a9568ca203db8d31df34f624462842.mp4' for writing
[hls @ 0x55ce2b9240] Opening '/transcode/e6d1a9568ca203db8d31df34f624462843.mp4' for writing
[hls @ 0x55ce2b9240] Opening '/transcode/e6d1a9568ca203db8d31df34f624462844.mp4' for writing
[hls @ 0x55ce2b9240] Opening '/transcode/e6d1a9568ca203db8d31df34f624462845.mp4' for writing
[hls @ 0x55ce2b9240] Opening '/transcode/e6d1a9568ca203db8d31df34f624462846.mp4' for writing
[hls @ 0x55ce2b9240] Opening '/transcode/e6d1a9568ca203db8d31df34f624462847.mp4' for writing
frame= 3517 fps=1004 q=27.0 size=N/A time=00:02:06.20 bitrate=N/A speed=  36x    
[hls @ 0x55ce2b9240] Opening '/transcode/e6d1a9568ca203db8d31df34f624462848.mp4' for writing
[hls @ 0x55ce2b9240] Opening '/transcode/e6d1a9568ca203db8d31df34f624462849.mp4' for writing
[hls @ 0x55ce2b9240] Opening '/transcode/e6d1a9568ca203db8d31df34f624462850.mp4' for writing
[hls @ 0x55ce2b9240] Opening '/transcode/e6d1a9568ca203db8d31df34f624462851.mp4' for writing
[hls @ 0x55ce2b9240] Opening '/transcode/e6d1a9568ca203db8d31df34f624462852.mp4' for writing
[hls @ 0x55ce2b9240] Opening '/transcode/e6d1a9568ca203db8d31df34f624462853.mp4' for writing
[hls @ 0x55ce2b9240] Opening '/transcode/e6d1a9568ca203db8d31df34f624462854.mp4' for writing
frame= 3998 fps=999 q=35.0 size=N/A time=00:02:26.27 bitrate=N/A speed=36.6x    
[hls @ 0x55ce2b9240] Opening '/transcode/e6d1a9568ca203db8d31df34f624462855.mp4' for writing
[hls @ 0x55ce2b9240] Opening '/transcode/e6d1a9568ca203db8d31df34f624462856.mp4' for writing
[hls @ 0x55ce2b9240] Opening '/transcode/e6d1a9568ca203db8d31df34f624462857.mp4' for writing
[hls @ 0x55ce2b9240] Opening '/transcode/e6d1a9568ca203db8d31df34f624462858.mp4' for writing
[hls @ 0x55ce2b9240] Opening '/transcode/e6d1a9568ca203db8d31df34f624462859.mp4' for writing
[hls @ 0x55ce2b9240] Opening '/transcode/e6d1a9568ca203db8d31df34f624462860.mp4' for writing
[hls @ 0x55ce2b9240] Opening '/transcode/e6d1a9568ca203db8d31df34f624462861.mp4' for writing
frame= 4489 fps=997 q=26.0 size=N/A time=00:02:46.74 bitrate=N/A speed=  37x    
[hls @ 0x55ce2b9240] Opening '/transcode/e6d1a9568ca203db8d31df34f624462862.mp4' for writing
[hls @ 0x55ce2b9240] Opening '/transcode/e6d1a9568ca203db8d31df34f624462863.mp4' for writing
[hls @ 0x55ce2b9240] Opening '/transcode/e6d1a9568ca203db8d31df34f624462864.mp4' for writing
[hls @ 0x55ce2b9240] Opening '/transcode/e6d1a9568ca203db8d31df34f624462865.mp4' for writing
[hls @ 0x55ce2b9240] Opening '/transcode/e6d1a9568ca203db8d31df34f624462866.mp4' for writing
[hls @ 0x55ce2b9240] Opening '/transcode/e6d1a9568ca203db8d31df34f624462867.mp4' for writing
[hls @ 0x55ce2b9240] Opening '/transcode/e6d1a9568ca203db8d31df34f624462868.mp4' for writing
frame= 4974 fps=994 q=23.0 size=N/A time=00:03:06.97 bitrate=N/A speed=37.4x    
[hls @ 0x55ce2b9240] Opening '/transcode/e6d1a9568ca203db8d31df34f624462869.mp4' for writing
[hls @ 0x55ce2b9240] Opening '/transcode/e6d1a9568ca203db8d31df34f624462870.mp4' for writing
[hls @ 0x55ce2b9240] Opening '/transcode/e6d1a9568ca203db8d31df34f624462871.mp4' for writing
[hls @ 0x55ce2b9240] Opening '/transcode/e6d1a9568ca203db8d31df34f624462872.mp4' for writing
[hls @ 0x55ce2b9240] Opening '/transcode/e6d1a9568ca203db8d31df34f624462873.mp4' for writing
[hls @ 0x55ce2b9240] Opening '/transcode/e6d1a9568ca203db8d31df34f624462874.mp4' for writing
frame= 5462 fps=993 q=25.0 size=N/A time=00:03:27.33 bitrate=N/A speed=37.7x    
[hls @ 0x55ce2b9240] Opening '/transcode/e6d1a9568ca203db8d31df34f624462875.mp4' for writing
[hls @ 0x55ce2b9240] Opening '/transcode/e6d1a9568ca203db8d31df34f624462876.mp4' for writing
[hls @ 0x55ce2b9240] Opening '/transcode/e6d1a9568ca203db8d31df34f624462877.mp4' for writing
[hls @ 0x55ce2b9240] Opening '/transcode/e6d1a9568ca203db8d31df34f624462878.mp4' for writing
[hls @ 0x55ce2b9240] Opening '/transcode/e6d1a9568ca203db8d31df34f624462879.mp4' for writing
[hls @ 0x55ce2b9240] Opening '/transcode/e6d1a9568ca203db8d31df34f624462880.mp4' for writing
[hls @ 0x55ce2b9240] Opening '/transcode/e6d1a9568ca203db8d31df34f624462881.mp4' for writing
frame= 5954 fps=992 q=28.0 size=N/A time=00:03:47.85 bitrate=N/A speed=  38x    
[hls @ 0x55ce2b9240] Opening '/transcode/e6d1a9568ca203db8d31df34f624462882.mp4' for writing
[hls @ 0x55ce2b9240] Opening '/transcode/e6d1a9568ca203db8d31df34f624462883.mp4' for writing
[hls @ 0x55ce2b9240] Opening '/transcode/e6d1a9568ca203db8d31df34f624462884.mp4' for writing
[hls @ 0x55ce2b9240] Opening '/transcode/e6d1a9568ca203db8d31df34f624462885.mp4' for writing
[hls @ 0x55ce2b9240] Opening '/transcode/e6d1a9568ca203db8d31df34f624462886.mp4' for writing
[hls @ 0x55ce2b9240] Opening '/transcode/e6d1a9568ca203db8d31df34f624462887.mp4' for writing
[hls @ 0x55ce2b9240] Opening '/transcode/e6d1a9568ca203db8d31df34f624462888.mp4' for writing
frame= 6454 fps=993 q=28.0 size=N/A time=00:04:08.70 bitrate=N/A speed=38.2x    
[hls @ 0x55ce2b9240] Opening '/transcode/e6d1a9568ca203db8d31df34f624462889.mp4' for writing
[hls @ 0x55ce2b9240] Opening '/transcode/e6d1a9568ca203db8d31df34f624462890.mp4' for writing
[hls @ 0x55ce2b9240] Opening '/transcode/e6d1a9568ca203db8d31df34f624462891.mp4' for writing
[hls @ 0x55ce2b9240] Opening '/transcode/e6d1a9568ca203db8d31df34f624462892.mp4' for writing
[hls @ 0x55ce2b9240] Opening '/transcode/e6d1a9568ca203db8d31df34f624462893.mp4' for writing
[hls @ 0x55ce2b9240] Opening '/transcode/e6d1a9568ca203db8d31df34f624462894.mp4' for writing
[hls @ 0x55ce2b9240] Opening '/transcode/e6d1a9568ca203db8d31df34f624462895.mp4' for writing


[q] command received. Exiting.

[hls @ 0x55ce2b9240] Opening '/transcode/e6d1a9568ca203db8d31df34f624462896.mp4' for writing
[out#0/hls @ 0x55ce29b8c0] video:19773KiB audio:4531KiB subtitle:0KiB other streams:0KiB global headers:0KiB muxing overhead: unknown
frame= 6962 fps=991 q=29.0 Lsize=N/A time=00:04:29.53 bitrate=N/A speed=38.4x    