{"Protocol":0,"Id":"1926c303d46378f6f1e28a97132c87c1","Path":"/media/movies/Aliens/Aliens.mkv","EncoderPath":null,"EncoderProtocol":null,"Type":0,"Container":"mkv","Size":980546088,"Name":"Aliens","IsRemote":false,"ETag":"1a2cf69676fc2b8e1e622d000278ee49","RunTimeTicks":92645560000,"ReadAtNativeFramerate":false,"IgnoreDts":false,"IgnoreIndex":false,"GenPtsInput":false,"SupportsTranscoding":true,"SupportsDirectStream":true,"SupportsDirectPlay":true,"IsInfiniteStream":false,"UseMostCompatibleTranscodingProfile":false,"RequiresOpening":false,"OpenToken":null,"RequiresClosing":false,"LiveStreamId":null,"BufferMs":null,"RequiresLooping":false,"SupportsProbing":true,"VideoType":0,"IsoType":null,"Video3DFormat":null,"MediaStreams":[{"Codec":"hevc","CodecTag":null,"Language":null,"ColorRange":null,"ColorSpace":"smpte170m","ColorTransfer":"bt709","ColorPrimaries":"smpte170m","DvVersionMajor":null,"DvVersionMinor":null,"DvProfile":null,"DvLevel":null,"RpuPresentFlag":null,"ElPresentFlag":null,"BlPresentFlag":null,"DvBlSignalCompatibilityId":null,"Rotation":null,"Comment":null,"TimeBase":"1/1000","CodecTimeBase":null,"Title":null,"VideoRange":1,"VideoRangeType":1,"VideoDoViTitle":null,"AudioSpatialFormat":0,"LocalizedUndefined":null,"LocalizedDefault":null,"LocalizedForced":null,"LocalizedExternal":null,"LocalizedHearingImpaired":null,"DisplayTitle":"480p HEVC SDR","NalLengthSize":null,"IsInterlaced":false,"IsAVC":false,"ChannelLayout":null,"BitRate":846707,"BitDepth":8,"RefFrames":1,"PacketLength":null,"Channels":null,"SampleRate":null,"IsDefault":true,"IsForced":false,"IsHearingImpaired":false,"Height":462,"Width":718,"AverageFrameRate":23.976025,"RealFrameRate":23.976025,"ReferenceFrameRate":23.976025,"Profile":"Main","Type":1,"AspectRatio":"1.85:1","Index":0,"Score":null,"IsExternal":false,"DeliveryMethod":null,"DeliveryUrl":null,"IsExternalUrl":null,"IsTextSubtitleStream":false,"SupportsExternalStream":false,"Path":null,"PixelFormat":"yuv420p","Level":90,"IsAnamorphic":false},{"Codec":"aac","CodecTag":null,"Language":"eng","ColorRange":null,"ColorSpace":null,"ColorTransfer":null,"ColorPrimaries":null,"DvVersionMajor":null,"DvVersionMinor":null,"DvProfile":null,"DvLevel":null,"RpuPresentFlag":null,"ElPresentFlag":null,"BlPresentFlag":null,"DvBlSignalCompatibilityId":null,"Rotation":null,"Comment":null,"TimeBase":"1/1000","CodecTimeBase":null,"Title":"Stereo","VideoRange":0,"VideoRangeType":0,"VideoDoViTitle":null,"AudioSpatialFormat":0,"LocalizedUndefined":null,"LocalizedDefault":"Default","LocalizedForced":null,"LocalizedExternal":"External","LocalizedHearingImpaired":null,"DisplayTitle":"Stereo - English - AAC - Default","NalLengthSize":null,"IsInterlaced":false,"IsAVC":false,"ChannelLayout":"stereo","BitRate":192000,"BitDepth":null,"RefFrames":null,"PacketLength":null,"Channels":2,"SampleRate":48000,"IsDefault":true,"IsForced":false,"IsHearingImpaired":false,"Height":null,"Width":null,"AverageFrameRate":null,"RealFrameRate":null,"ReferenceFrameRate":null,"Profile":"LC","Type":0,"AspectRatio":null,"Index":1,"Score":null,"IsExternal":false,"DeliveryMethod":null,"DeliveryUrl":null,"IsExternalUrl":null,"IsTextSubtitleStream":false,"SupportsExternalStream":false,"Path":null,"PixelFormat":null,"Level":0,"IsAnamorphic":null},{"Codec":"DVDSUB","CodecTag":null,"Language":"eng","ColorRange":null,"ColorSpace":null,"ColorTransfer":null,"ColorPrimaries":null,"DvVersionMajor":null,"DvVersionMinor":null,"DvProfile":null,"DvLevel":null,"RpuPresentFlag":null,"ElPresentFlag":null,"BlPresentFlag":null,"DvBlSignalCompatibilityId":null,"Rotation":null,"Comment":null,"TimeBase":"1/1000","CodecTimeBase":null,"Title":"Closed Caption","VideoRange":0,"VideoRangeType":0,"VideoDoViTitle":null,"AudioSpatialFormat":0,"LocalizedUndefined":"Undefined","LocalizedDefault":"Default","LocalizedForced":"Forced","LocalizedExternal":"External","LocalizedHearingImpaired":"Hearing Impaired","DisplayTitle":"Closed Caption - English - DVDSUB","NalLengthSize":null,"IsInterlaced":false,"IsAVC":false,"ChannelLayout":null,"BitRate":null,"BitDepth":null,"RefFrames":null,"PacketLength":null,"Channels":null,"SampleRate":null,"IsDefault":false,"IsForced":false,"IsHearingImpaired":false,"Height":480,"Width":720,"AverageFrameRate":null,"RealFrameRate":null,"ReferenceFrameRate":null,"Profile":null,"Type":2,"AspectRatio":null,"Index":2,"Score":null,"IsExternal":false,"DeliveryMethod":null,"DeliveryUrl":null,"IsExternalUrl":null,"IsTextSubtitleStream":false,"SupportsExternalStream":false,"Path":null,"PixelFormat":null,"Level":0,"IsAnamorphic":null},{"Codec":"DVDSUB","CodecTag":null,"Language":"eng","ColorRange":null,"ColorSpace":null,"ColorTransfer":null,"ColorPrimaries":null,"DvVersionMajor":null,"DvVersionMinor":null,"DvProfile":null,"DvLevel":null,"RpuPresentFlag":null,"ElPresentFlag":null,"BlPresentFlag":null,"DvBlSignalCompatibilityId":null,"Rotation":null,"Comment":null,"TimeBase":"1/1000","CodecTimeBase":null,"Title":"Closed Caption","VideoRange":0,"VideoRangeType":0,"VideoDoViTitle":null,"AudioSpatialFormat":0,"LocalizedUndefined":"Undefined","LocalizedDefault":"Default","LocalizedForced":"Forced","LocalizedExternal":"External","LocalizedHearingImpaired":"Hearing Impaired","DisplayTitle":"Closed Caption - English - DVDSUB","NalLengthSize":null,"IsInterlaced":false,"IsAVC":false,"ChannelLayout":null,"BitRate":null,"BitDepth":null,"RefFrames":null,"PacketLength":null,"Channels":null,"SampleRate":null,"IsDefault":false,"IsForced":false,"IsHearingImpaired":false,"Height":480,"Width":720,"AverageFrameRate":null,"RealFrameRate":null,"ReferenceFrameRate":null,"Profile":null,"Type":2,"AspectRatio":null,"Index":3,"Score":null,"IsExternal":false,"DeliveryMethod":null,"DeliveryUrl":null,"IsExternalUrl":null,"IsTextSubtitleStream":false,"SupportsExternalStream":false,"Path":null,"PixelFormat":null,"Level":0,"IsAnamorphic":null},{"Codec":"ass","CodecTag":null,"Language":"eng","ColorRange":null,"ColorSpace":null,"ColorTransfer":null,"ColorPrimaries":null,"DvVersionMajor":null,"DvVersionMinor":null,"DvProfile":null,"DvLevel":null,"RpuPresentFlag":null,"ElPresentFlag":null,"BlPresentFlag":null,"DvBlSignalCompatibilityId":null,"Rotation":null,"Comment":null,"TimeBase":"1/1000","CodecTimeBase":null,"Title":null,"VideoRange":0,"VideoRangeType":0,"VideoDoViTitle":null,"AudioSpatialFormat":0,"LocalizedUndefined":"Undefined","LocalizedDefault":"Default","LocalizedForced":"Forced","LocalizedExternal":"External","LocalizedHearingImpaired":"Hearing Impaired","DisplayTitle":"English - ASS","NalLengthSize":null,"IsInterlaced":false,"IsAVC":false,"ChannelLayout":null,"BitRate":null,"BitDepth":null,"RefFrames":null,"PacketLength":null,"Channels":null,"SampleRate":null,"IsDefault":false,"IsForced":false,"IsHearingImpaired":false,"Height":0,"Width":0,"AverageFrameRate":null,"RealFrameRate":null,"ReferenceFrameRate":null,"Profile":null,"Type":2,"AspectRatio":null,"Index":4,"Score":null,"IsExternal":false,"DeliveryMethod":null,"DeliveryUrl":null,"IsExternalUrl":null,"IsTextSubtitleStream":true,"SupportsExternalStream":true,"Path":null,"PixelFormat":null,"Level":0,"IsAnamorphic":null}],"MediaAttachments":[],"Formats":[],"Bitrate":1038707,"FallbackMaxStreamingBitrate":null,"Timestamp":null,"RequiredHttpHeaders":{},"TranscodingUrl":null,"TranscodingSubProtocol":0,"TranscodingContainer":null,"AnalyzeDurationMs":null,"DefaultAudioStreamIndex":null,"DefaultSubtitleStreamIndex":null,"HasSegments":false}

/usr/lib/jellyfin-ffmpeg/ffmpeg -analyzeduration 200M -probesize 1G -f matroska -init_hw_device rkmpp=rk -hwaccel rkmpp -hwaccel_output_format drm_prime -noautorotate -afbc rga -i file:"/media/movies/Aliens/Aliens.mkv" -noautoscale -map_metadata -1 -map_chapters -1 -threads 0 -map 0:0 -map 0:1 -map -0:s -codec:v:0 h264_rkmpp -b:v 4233536 -maxrate 4233536 -bufsize 8467072 -profile:v:0 high -level 51 -g:v:0 72 -keyint_min:v:0 72 -vf "setparams=color_primaries=bt709:color_trc=bt709:colorspace=bt709,vpp_rkrga=format=nv12:afbc=1" -codec:a:0 copy -copyts -avoid_negative_ts disabled -max_muxing_queue_size 2048 -f hls -max_delay 5000000 -hls_time 3 -hls_segment_type fmp4 -hls_fmp4_init_filename "4a754996262aa4f866cd504b9be25064-1.mp4" -start_number 0 -hls_segment_filename "/transcode/4a754996262aa4f866cd504b9be25064%d.mp4" -hls_playlist_type vod -hls_list_size 0 -hls_segment_options movflags=+frag_discont -y "/transcode/4a754996262aa4f866cd504b9be25064.m3u8"


ffmpeg version 7.1.3-Jellyfin Copyright (c) 2000-2025 the FFmpeg developers
  built with gcc 12 (Debian 12.2.0-14)
  configuration: --prefix=/usr/lib/jellyfin-ffmpeg --target-os=linux --extra-version=Jellyfin --disable-doc --disable-ffplay --disable-static --disable-libxcb --disable-sdl2 --disable-xlib --enable-lto=auto --enable-gpl --enable-version3 --enable-shared --enable-gmp --enable-gnutls --enable-chromaprint --enable-opencl --enable-libdrm --enable-libxml2 --enable-libass --enable-libfreetype --enable-libfribidi --enable-libfontconfig --enable-libharfbuzz --enable-libbluray --enable-libmp3lame --enable-libopus --enable-libtheora --enable-libvorbis --enable-libopenmpt --enable-libdav1d --enable-libsvtav1 --enable-libwebp --enable-libvpx --enable-libx264 --enable-libx265 --enable-libzvbi --enable-libzimg --enable-libfdk-aac --arch=arm64 --cross-prefix=/usr/bin/aarch64-linux-gnu- --toolchain=hardened --enable-cross-compile --enable-rkmpp --enable-rkrga --enable-ffnvcodec --enable-cuda --enable-cuda-llvm --enable-cuvid --enable-nvdec --enable-nvenc
  libavutil      59. 39.100 / 59. 39.100
  libavcodec     61. 19.101 / 61. 19.101
  libavformat    61.  7.100 / 61.  7.100
  libavdevice    61.  3.100 / 61.  3.100
  libavfilter    10.  4.100 / 10.  4.100
  libswscale      8.  3.100 /  8.  3.100
  libswresample   5.  3.100 /  5.  3.100
  libpostproc    58.  3.100 / 58.  3.100
Input #0, matroska,webm, from 'file:/media/movies/Aliens/Aliens.mkv':
  Metadata:
    creation_time   : 2026-03-12T22:22:09.000000Z
    ENCODER         : Lavf61.7.100
  Duration: 02:34:24.56, start: -0.020000, bitrate: 846 kb/s
  Chapters:
    Chapter #0:0: start 0.000000, end 511.803000
      Metadata:
        title           : Chapter 1
    Chapter #0:1: start 511.803000, end 649.607000
      Metadata:
        title           : Chapter 2
    Chapter #0:2: start 649.607000, end 911.077000
      Metadata:
        title           : Chapter 3
    Chapter #0:3: start 911.077000, end 1251.876000
      Metadata:
        title           : Chapter 4
    Chapter #0:4: start 1251.876000, end 1499.957000
      Metadata:
        title           : Chapter 5
    Chapter #0:5: start 1499.957000, end 1555.012000
      Metadata:
        title           : Chapter 6
    Chapter #0:6: start 1555.012000, end 1971.303000
      Metadata:
        title           : Chapter 7
    Chapter #0:7: start 1971.303000, end 2281.070000
      Metadata:
        title           : Chapter 8
    Chapter #0:8: start 2281.070000, end 2737.735000
      Metadata:
        title           : Chapter 9
    Chapter #0:9: start 2737.735000, end 3145.934000
      Metadata:
        title           : Chapter 10
    Chapter #0:10: start 3145.934000, end 3285.532000
      Metadata:
        title           : Chapter 11
    Chapter #0:11: start 3285.532000, end 3366.613000
      Metadata:
        title           : Chapter 12
    Chapter #0:12: start 3366.613000, end 3884.964000
      Metadata:
        title           : Chapter 13
    Chapter #0:13: start 3884.964000, end 4369.448000
      Metadata:
        title           : Chapter 14
    Chapter #0:14: start 4369.448000, end 4879.792000
      Metadata:
        title           : Chapter 15
    Chapter #0:15: start 4879.792000, end 4994.740000
      Metadata:
        title           : Chapter 16
    Chapter #0:16: start 4994.740000, end 5178.924000
      Metadata:
        title           : Chapter 17
    Chapter #0:17: start 5178.924000, end 5479.557000
      Metadata:
        title           : Chapter 18
    Chapter #0:18: start 5479.557000, end 5674.919000
      Metadata:
        title           : Chapter 19
    Chapter #0:19: start 5674.919000, end 5842.754000
      Metadata:
        title           : Chapter 20
    Chapter #0:20: start 5842.754000, end 5918.162000
      Metadata:
        title           : Chapter 21
    Chapter #0:21: start 5918.162000, end 6080.700000
      Metadata:
        title           : Chapter 22
    Chapter #0:22: start 6080.700000, end 6300.920000
      Metadata:
        title           : Chapter 23
    Chapter #0:23: start 6300.920000, end 6433.052000
      Metadata:
        title           : Chapter 24
    Chapter #0:24: start 6433.052000, end 6776.061000
      Metadata:
        title           : Chapter 25
    Chapter #0:25: start 6776.061000, end 7328.238000
      Metadata:
        title           : Chapter 26
    Chapter #0:26: start 7328.238000, end 7551.627000
      Metadata:
        title           : Chapter 27
    Chapter #0:27: start 7551.627000, end 7659.569000
      Metadata:
        title           : Chapter 28
    Chapter #0:28: start 7659.569000, end 7993.068000
      Metadata:
        title           : Chapter 29
    Chapter #0:29: start 7993.068000, end 8542.284000
      Metadata:
        title           : Chapter 30
    Chapter #0:30: start 8542.284000, end 8735.477000
      Metadata:
        title           : Chapter 31
    Chapter #0:31: start 8735.477000, end 9013.588000
      Metadata:
        title           : Chapter 32
    Chapter #0:32: start 9013.588000, end 9094.002000
      Metadata:
        title           : Chapter 33
    Chapter #0:33: start 9094.002000, end 9264.464000
      Metadata:
        title           : Chapter 34
  Stream #0:0: Video: hevc (Main), yuv420p(tv, smpte170m/smpte170m/bt709), 718x462 [SAR 32:27 DAR 11488:6237], 23.98 fps, 23.98 tbr, 1k tbn (default)
      Metadata:
        DURATION        : 02:34:24.538000000
  Stream #0:1(eng): Audio: aac (LC), 48000 Hz, stereo, fltp (default)
      Metadata:
        title           : Stereo
        DURATION        : 02:34:24.556000000
  Stream #0:2(eng): Subtitle: dvd_subtitle (dvdsub), 720x480
      Metadata:
        title           : Closed Caption
        DURATION        : 02:31:11.158000000
  Stream #0:3(eng): Subtitle: dvd_subtitle (dvdsub), 720x480
      Metadata:
        title           : Closed Caption
        DURATION        : 02:31:11.158000000
  Stream #0:4(eng): Subtitle: ass (ssa)
      Metadata:
        DURATION        : 02:31:42.777000000
[hevc_rkmpp @ 0x55a3ef3560] Failed to init MPP context: -1
[vist#0:0/hevc @ 0x55a3e969c0] [dec:hevc_rkmpp @ 0x55a3ef3420] Error while opening decoder: Generic error in an external library
Error opening output file /transcode/4a754996262aa4f866cd504b9be25064.m3u8.
Error opening output files: Generic error in an external library