{"Protocol":0,"Id":"c5eb23a8357d65eef6e2464cec2b12eb","Path":"/media/movies/Star Wars IV.mp4","EncoderPath":null,"EncoderProtocol":null,"Type":0,"Container":"mov,mp4,m4a,3gp,3g2,mj2","Size":1327407877,"Name":"Star Wars IV","IsRemote":false,"ETag":"ff315d5c3c9407ce4a8916049aa5ee4a","RunTimeTicks":74848827210,"ReadAtNativeFramerate":false,"IgnoreDts":false,"IgnoreIndex":false,"GenPtsInput":false,"SupportsTranscoding":true,"SupportsDirectStream":true,"SupportsDirectPlay":true,"IsInfiniteStream":false,"UseMostCompatibleTranscodingProfile":false,"RequiresOpening":false,"OpenToken":null,"RequiresClosing":false,"LiveStreamId":null,"BufferMs":null,"RequiresLooping":false,"SupportsProbing":true,"VideoType":0,"IsoType":null,"Video3DFormat":null,"MediaStreams":[{"Codec":"h264","CodecTag":"avc1","Language":"und","ColorRange":null,"ColorSpace":"bt709","ColorTransfer":"bt709","ColorPrimaries":"bt709","DvVersionMajor":null,"DvVersionMinor":null,"DvProfile":null,"DvLevel":null,"RpuPresentFlag":null,"ElPresentFlag":null,"BlPresentFlag":null,"DvBlSignalCompatibilityId":null,"Rotation":null,"Comment":null,"TimeBase":"1/24000","CodecTimeBase":null,"Title":null,"VideoRange":1,"VideoRangeType":1,"VideoDoViTitle":null,"AudioSpatialFormat":0,"LocalizedUndefined":null,"LocalizedDefault":null,"LocalizedForced":null,"LocalizedExternal":null,"LocalizedHearingImpaired":null,"DisplayTitle":"1080p H264 SDR","NalLengthSize":"4","IsInterlaced":false,"IsAVC":true,"ChannelLayout":null,"BitRate":1288463,"BitDepth":8,"RefFrames":1,"PacketLength":null,"Channels":null,"SampleRate":null,"IsDefault":true,"IsForced":false,"IsHearingImpaired":false,"Height":816,"Width":1916,"AverageFrameRate":23.976025,"RealFrameRate":23.976025,"ReferenceFrameRate":23.976025,"Profile":"High","Type":1,"AspectRatio":"2.35:1","Index":0,"Score":null,"IsExternal":false,"DeliveryMethod":null,"DeliveryUrl":null,"IsExternalUrl":null,"IsTextSubtitleStream":false,"SupportsExternalStream":false,"Path":null,"PixelFormat":"yuv420p","Level":40,"IsAnamorphic":false},{"Codec":"aac","CodecTag":"mp4a","Language":"und","ColorRange":null,"ColorSpace":null,"ColorTransfer":null,"ColorPrimaries":null,"DvVersionMajor":null,"DvVersionMinor":null,"DvProfile":null,"DvLevel":null,"RpuPresentFlag":null,"ElPresentFlag":null,"BlPresentFlag":null,"DvBlSignalCompatibilityId":null,"Rotation":null,"Comment":null,"TimeBase":"1/44100","CodecTimeBase":null,"Title":"ISO Media file produced by Google Inc.","VideoRange":0,"VideoRangeType":0,"VideoDoViTitle":null,"AudioSpatialFormat":0,"LocalizedUndefined":null,"LocalizedDefault":"Default","LocalizedForced":null,"LocalizedExternal":"External","LocalizedHearingImpaired":null,"DisplayTitle":"ISO Media file produced by Google Inc. - AAC - Stereo - Default","NalLengthSize":null,"IsInterlaced":false,"IsAVC":false,"ChannelLayout":"stereo","BitRate":127999,"BitDepth":null,"RefFrames":null,"PacketLength":null,"Channels":2,"SampleRate":44100,"IsDefault":true,"IsForced":false,"IsHearingImpaired":false,"Height":null,"Width":null,"AverageFrameRate":null,"RealFrameRate":null,"ReferenceFrameRate":null,"Profile":"LC","Type":0,"AspectRatio":null,"Index":1,"Score":null,"IsExternal":false,"DeliveryMethod":null,"DeliveryUrl":null,"IsExternalUrl":null,"IsTextSubtitleStream":false,"SupportsExternalStream":false,"Path":null,"PixelFormat":null,"Level":0,"IsAnamorphic":null}],"MediaAttachments":[],"Formats":[],"Bitrate":1418761,"FallbackMaxStreamingBitrate":null,"Timestamp":null,"RequiredHttpHeaders":{},"TranscodingUrl":null,"TranscodingSubProtocol":0,"TranscodingContainer":null,"AnalyzeDurationMs":null,"DefaultAudioStreamIndex":null,"DefaultSubtitleStreamIndex":null,"HasSegments":false}

/usr/lib/jellyfin-ffmpeg/ffmpeg -analyzeduration 200M -probesize 1G  -i file:"/media/movies/Star Wars IV.mp4" -map_metadata -1 -map_chapters -1 -threads 0 -map 0:0 -map 0:1 -map -0:s -codec:v:0 libx264 -preset veryfast -crf 23 -maxrate 292001 -bufsize 584002 -profile:v:0 high -level 40 -x264opts:0 subme=0:me_range=16:rc_lookahead=10:me=hex:open_gop=0 -force_key_frames:0 "expr:gte(t,n_forced*3)" -sc_threshold:v:0 0 -vf "setparams=color_primaries=bt709:color_trc=bt709:colorspace=bt709,scale=trunc(min(max(iw\,ih*a)\,960)/2)*2:trunc(ow/a/2)*2,format=yuv420p" -codec:a:0 copy -copyts -avoid_negative_ts disabled -max_muxing_queue_size 2048 -f hls -max_delay 5000000 -hls_time 3 -hls_segment_type fmp4 -hls_fmp4_init_filename "08bfec0cc6a5eed011ea4adde2d76814-1.mp4" -start_number 0 -hls_segment_filename "/transcode/08bfec0cc6a5eed011ea4adde2d76814%d.mp4" -hls_playlist_type vod -hls_list_size 0 -hls_segment_options movflags=+frag_discont -y "/transcode/08bfec0cc6a5eed011ea4adde2d76814.m3u8"


ffmpeg version 7.1.3-Jellyfin Copyright (c) 2000-2025 the FFmpeg developers
  built with gcc 12 (Debian 12.2.0-14)
  configuration: --prefix=/usr/lib/jellyfin-ffmpeg --target-os=linux --extra-version=Jellyfin --disable-doc --disable-ffplay --disable-static --disable-libxcb --disable-sdl2 --disable-xlib --enable-lto=auto --enable-gpl --enable-version3 --enable-shared --enable-gmp --enable-gnutls --enable-chromaprint --enable-opencl --enable-libdrm --enable-libxml2 --enable-libass --enable-libfreetype --enable-libfribidi --enable-libfontconfig --enable-libharfbuzz --enable-libbluray --enable-libmp3lame --enable-libopus --enable-libtheora --enable-libvorbis --enable-libopenmpt --enable-libdav1d --enable-libsvtav1 --enable-libwebp --enable-libvpx --enable-libx264 --enable-libx265 --enable-libzvbi --enable-libzimg --enable-libfdk-aac --arch=arm64 --cross-prefix=/usr/bin/aarch64-linux-gnu- --toolchain=hardened --enable-cross-compile --enable-rkmpp --enable-rkrga --enable-ffnvcodec --enable-cuda --enable-cuda-llvm --enable-cuvid --enable-nvdec --enable-nvenc
  libavutil      59. 39.100 / 59. 39.100
  libavcodec     61. 19.101 / 61. 19.101
  libavformat    61.  7.100 / 61.  7.100
  libavdevice    61.  3.100 / 61.  3.100
  libavfilter    10.  4.100 / 10.  4.100
  libswscale      8.  3.100 /  8.  3.100
  libswresample   5.  3.100 /  5.  3.100
  libpostproc    58.  3.100 / 58.  3.100
Input #0, mov,mp4,m4a,3gp,3g2,mj2, from 'file:/media/movies/Star Wars IV.mp4':
  Metadata:
    major_brand     : mp42
    minor_version   : 0
    compatible_brands: isommp42
    creation_time   : 2012-02-17T13:43:16.000000Z
    encoder         : Google
  Duration: 02:04:44.88, start: 0.000000, bitrate: 1418 kb/s
  Stream #0:0[0x1](und): Video: h264 (High) (avc1 / 0x31637661), yuv420p(tv, bt709, progressive), 1916x816 [SAR 1:1 DAR 479:204], 1288 kb/s, 23.98 fps, 23.98 tbr, 24k tbn (default)
      Metadata:
        handler_name    : ISO Media file produced by Google Inc.
        vendor_id       : [0][0][0][0]
  Stream #0:1[0x2](und): Audio: aac (LC) (mp4a / 0x6134706D), 44100 Hz, stereo, fltp, 127 kb/s (default)
      Metadata:
        handler_name    : ISO Media file produced by Google Inc.
        vendor_id       : [0][0][0][0]
Stream mapping:
  Stream #0:0 -> #0:0 (h264 (native) -> h264 (libx264))
  Stream #0:1 -> #0:1 (copy)
Press [q] to stop, [?] for help
[libx264 @ 0x559eda22c0] using SAR=479/480
[libx264 @ 0x559eda22c0] using cpu capabilities: ARMv8 NEON
[libx264 @ 0x559eda22c0] profile High, level 4.0, 4:2:0, 8-bit
[libx264 @ 0x559eda22c0] 264 - core 164 r3095 baee400 - H.264/MPEG-4 AVC codec - Copyleft 2003-2022 - http://www.videolan.org/x264.html - options: cabac=1 ref=1 deblock=1:0:0 analyse=0x3:0x113 me=hex subme=0 psy=1 psy_rd=1.00:0.00 mixed_ref=0 me_range=16 chroma_me=1 trellis=0 8x8dct=1 cqm=0 deadzone=21,11 fast_pskip=1 chroma_qp_offset=0 threads=12 lookahead_threads=2 sliced_threads=0 nr=0 decimate=1 interlaced=0 bluray_compat=0 constrained_intra=0 bframes=3 b_pyramid=2 b_adapt=1 b_bias=0 direct=1 weightb=1 open_gop=0 weightp=1 keyint=250 keyint_min=23 scenecut=0 intra_refresh=0 rc_lookahead=10 rc=crf mbtree=1 crf=23.0 qcomp=0.60 qpmin=0 qpmax=69 qpstep=4 vbv_maxrate=292 vbv_bufsize=584 crf_max=0.0 nal_hrd=none filler=0 ip_ratio=1.40 aq=1:1.00
[hls @ 0x559edb9890] Opening '/transcode/08bfec0cc6a5eed011ea4adde2d76814-1.mp4' for writing
Output #0, hls, to '/transcode/08bfec0cc6a5eed011ea4adde2d76814.m3u8':
  Metadata:
    encoder         : Lavf61.7.100
  Stream #0:0: Video: h264, yuv420p(tv, bt709, progressive), 960x408 [SAR 479:480 DAR 479:204], q=2-31, 23.98 fps, 24k tbn (default)
      Metadata:
        encoder         : Lavc61.19.101 libx264
      Side data:
        cpb: bitrate max/min/avg: 292000/0/0 buffer size: 584000 vbv_delay: N/A
  Stream #0:1: Audio: aac (LC) (mp4a / 0x6134706D), 44100 Hz, stereo, fltp, 127 kb/s (default)
[hls @ 0x559edb9890] Opening '/transcode/08bfec0cc6a5eed011ea4adde2d768140.mp4' for writing
frame=   79 fps=0.0 q=28.0 size=N/A time=00:00:00.00 bitrate=N/A speed=   0x    
[hls @ 0x559edb9890] Opening '/transcode/08bfec0cc6a5eed011ea4adde2d768141.mp4' for writing
frame=  214 fps=214 q=28.0 size=N/A time=00:00:05.63 bitrate=N/A speed=5.63x    
[hls @ 0x559edb9890] Opening '/transcode/08bfec0cc6a5eed011ea4adde2d768142.mp4' for writing
[hls @ 0x559edb9890] Opening '/transcode/08bfec0cc6a5eed011ea4adde2d768143.mp4' for writing
frame=  344 fps=229 q=28.0 size=N/A time=00:00:11.05 bitrate=N/A speed=7.37x    
[hls @ 0x559edb9890] Opening '/transcode/08bfec0cc6a5eed011ea4adde2d768144.mp4' for writing
[hls @ 0x559edb9890] Opening '/transcode/08bfec0cc6a5eed011ea4adde2d768145.mp4' for writing
frame=  491 fps=245 q=28.0 size=N/A time=00:00:17.18 bitrate=N/A speed=8.59x    
[hls @ 0x559edb9890] Opening '/transcode/08bfec0cc6a5eed011ea4adde2d768146.mp4' for writing
[hls @ 0x559edb9890] Opening '/transcode/08bfec0cc6a5eed011ea4adde2d768147.mp4' for writing
[hls @ 0x559edb9890] Opening '/transcode/08bfec0cc6a5eed011ea4adde2d768148.mp4' for writing
frame=  654 fps=262 q=28.0 size=N/A time=00:00:23.98 bitrate=N/A speed=9.59x    
[hls @ 0x559edb9890] Opening '/transcode/08bfec0cc6a5eed011ea4adde2d768149.mp4' for writing
frame=  772 fps=257 q=28.0 size=N/A time=00:00:28.90 bitrate=N/A speed=9.63x    
[hls @ 0x559edb9890] Opening '/transcode/08bfec0cc6a5eed011ea4adde2d7681410.mp4' for writing
[hls @ 0x559edb9890] Opening '/transcode/08bfec0cc6a5eed011ea4adde2d7681411.mp4' for writing
frame=  919 fps=263 q=28.0 size=N/A time=00:00:35.03 bitrate=N/A speed=  10x    
[hls @ 0x559edb9890] Opening '/transcode/08bfec0cc6a5eed011ea4adde2d7681412.mp4' for writing
[hls @ 0x559edb9890] Opening '/transcode/08bfec0cc6a5eed011ea4adde2d7681413.mp4' for writing
frame= 1067 fps=267 q=28.0 size=N/A time=00:00:41.20 bitrate=N/A speed=10.3x    
[hls @ 0x559edb9890] Opening '/transcode/08bfec0cc6a5eed011ea4adde2d7681414.mp4' for writing
[hls @ 0x559edb9890] Opening '/transcode/08bfec0cc6a5eed011ea4adde2d7681415.mp4' for writing
frame= 1205 fps=268 q=31.0 size=N/A time=00:00:46.96 bitrate=N/A speed=10.4x    
[hls @ 0x559edb9890] Opening '/transcode/08bfec0cc6a5eed011ea4adde2d7681416.mp4' for writing
[hls @ 0x559edb9890] Opening '/transcode/08bfec0cc6a5eed011ea4adde2d7681417.mp4' for writing
frame= 1341 fps=268 q=34.0 size=N/A time=00:00:52.63 bitrate=N/A speed=10.5x    
[hls @ 0x559edb9890] Opening '/transcode/08bfec0cc6a5eed011ea4adde2d7681418.mp4' for writing
[hls @ 0x559edb9890] Opening '/transcode/08bfec0cc6a5eed011ea4adde2d7681419.mp4' for writing
frame= 1458 fps=265 q=35.0 size=N/A time=00:00:57.51 bitrate=N/A speed=10.5x    
[hls @ 0x559edb9890] Opening '/transcode/08bfec0cc6a5eed011ea4adde2d7681420.mp4' for writing
frame= 1584 fps=264 q=33.0 size=N/A time=00:01:02.77 bitrate=N/A speed=10.5x    
[hls @ 0x559edb9890] Opening '/transcode/08bfec0cc6a5eed011ea4adde2d7681421.mp4' for writing
[hls @ 0x559edb9890] Opening '/transcode/08bfec0cc6a5eed011ea4adde2d7681422.mp4' for writing
frame= 1710 fps=263 q=44.0 size=N/A time=00:01:08.02 bitrate=N/A speed=10.5x    
[hls @ 0x559edb9890] Opening '/transcode/08bfec0cc6a5eed011ea4adde2d7681423.mp4' for writing
[hls @ 0x559edb9890] Opening '/transcode/08bfec0cc6a5eed011ea4adde2d7681424.mp4' for writing
frame= 1833 fps=262 q=35.0 size=N/A time=00:01:13.15 bitrate=N/A speed=10.4x    
[hls @ 0x559edb9890] Opening '/transcode/08bfec0cc6a5eed011ea4adde2d7681425.mp4' for writing
[hls @ 0x559edb9890] Opening '/transcode/08bfec0cc6a5eed011ea4adde2d7681426.mp4' for writing
frame= 1949 fps=260 q=31.0 size=N/A time=00:01:17.99 bitrate=N/A speed=10.4x    
[hls @ 0x559edb9890] Opening '/transcode/08bfec0cc6a5eed011ea4adde2d7681427.mp4' for writing
frame= 2074 fps=259 q=44.0 size=N/A time=00:01:23.20 bitrate=N/A speed=10.4x    
[hls @ 0x559edb9890] Opening '/transcode/08bfec0cc6a5eed011ea4adde2d7681428.mp4' for writing
[hls @ 0x559edb9890] Opening '/transcode/08bfec0cc6a5eed011ea4adde2d7681429.mp4' for writing
frame= 2208 fps=260 q=29.0 size=N/A time=00:01:28.79 bitrate=N/A speed=10.4x    
[hls @ 0x559edb9890] Opening '/transcode/08bfec0cc6a5eed011ea4adde2d7681430.mp4' for writing
[hls @ 0x559edb9890] Opening '/transcode/08bfec0cc6a5eed011ea4adde2d7681431.mp4' for writing
frame= 2368 fps=263 q=28.0 size=N/A time=00:01:35.47 bitrate=N/A speed=10.6x    
[hls @ 0x559edb9890] Opening '/transcode/08bfec0cc6a5eed011ea4adde2d7681432.mp4' for writing
[hls @ 0x559edb9890] Opening '/transcode/08bfec0cc6a5eed011ea4adde2d7681433.mp4' for writing
[hls @ 0x559edb9890] Opening '/transcode/08bfec0cc6a5eed011ea4adde2d7681434.mp4' for writing
frame= 2521 fps=265 q=28.0 size=N/A time=00:01:41.85 bitrate=N/A speed=10.7x    
[hls @ 0x559edb9890] Opening '/transcode/08bfec0cc6a5eed011ea4adde2d7681435.mp4' for writing
[hls @ 0x559edb9890] Opening '/transcode/08bfec0cc6a5eed011ea4adde2d7681436.mp4' for writing
frame= 2676 fps=268 q=28.0 size=N/A time=00:01:48.31 bitrate=N/A speed=10.8x    
[hls @ 0x559edb9890] Opening '/transcode/08bfec0cc6a5eed011ea4adde2d7681437.mp4' for writing
[hls @ 0x559edb9890] Opening '/transcode/08bfec0cc6a5eed011ea4adde2d7681438.mp4' for writing
frame= 2825 fps=269 q=28.0 size=N/A time=00:01:54.53 bitrate=N/A speed=10.9x    
[hls @ 0x559edb9890] Opening '/transcode/08bfec0cc6a5eed011ea4adde2d7681439.mp4' for writing
frame= 2938 fps=267 q=28.0 size=N/A time=00:01:59.24 bitrate=N/A speed=10.8x    
[hls @ 0x559edb9890] Opening '/transcode/08bfec0cc6a5eed011ea4adde2d7681440.mp4' for writing
[hls @ 0x559edb9890] Opening '/transcode/08bfec0cc6a5eed011ea4adde2d7681441.mp4' for writing
frame= 3049 fps=265 q=28.0 size=N/A time=00:02:03.87 bitrate=N/A speed=10.8x    
[hls @ 0x559edb9890] Opening '/transcode/08bfec0cc6a5eed011ea4adde2d7681442.mp4' for writing
[hls @ 0x559edb9890] Opening '/transcode/08bfec0cc6a5eed011ea4adde2d7681443.mp4' for writing
frame= 3201 fps=267 q=28.0 size=N/A time=00:02:10.21 bitrate=N/A speed=10.8x    
[hls @ 0x559edb9890] Opening '/transcode/08bfec0cc6a5eed011ea4adde2d7681444.mp4' for writing
[hls @ 0x559edb9890] Opening '/transcode/08bfec0cc6a5eed011ea4adde2d7681445.mp4' for writing
frame= 3326 fps=266 q=30.0 size=N/A time=00:02:15.42 bitrate=N/A speed=10.8x    
[hls @ 0x559edb9890] Opening '/transcode/08bfec0cc6a5eed011ea4adde2d7681446.mp4' for writing
frame= 3441 fps=265 q=35.0 size=N/A time=00:02:20.22 bitrate=N/A speed=10.8x    
[hls @ 0x559edb9890] Opening '/transcode/08bfec0cc6a5eed011ea4adde2d7681447.mp4' for writing
[hls @ 0x559edb9890] Opening '/transcode/08bfec0cc6a5eed011ea4adde2d7681448.mp4' for writing
frame= 3549 fps=263 q=28.0 size=N/A time=00:02:24.72 bitrate=N/A speed=10.7x    
[hls @ 0x559edb9890] Opening '/transcode/08bfec0cc6a5eed011ea4adde2d7681449.mp4' for writing
frame= 3654 fps=261 q=32.0 size=N/A time=00:02:29.10 bitrate=N/A speed=10.6x    
[hls @ 0x559edb9890] Opening '/transcode/08bfec0cc6a5eed011ea4adde2d7681450.mp4' for writing
[hls @ 0x559edb9890] Opening '/transcode/08bfec0cc6a5eed011ea4adde2d7681451.mp4' for writing
frame= 3742 fps=258 q=37.0 size=N/A time=00:02:32.81 bitrate=N/A speed=10.5x    
[hls @ 0x559edb9890] Opening '/transcode/08bfec0cc6a5eed011ea4adde2d7681452.mp4' for writing
frame= 3843 fps=256 q=41.0 size=N/A time=00:02:37.03 bitrate=N/A speed=10.5x    
[hls @ 0x559edb9890] Opening '/transcode/08bfec0cc6a5eed011ea4adde2d7681453.mp4' for writing
frame= 3919 fps=253 q=39.0 size=N/A time=00:02:40.16 bitrate=N/A speed=10.3x    
[hls @ 0x559edb9890] Opening '/transcode/08bfec0cc6a5eed011ea4adde2d7681454.mp4' for writing
frame= 4013 fps=251 q=45.0 size=N/A time=00:02:44.08 bitrate=N/A speed=10.3x    
[hls @ 0x559edb9890] Opening '/transcode/08bfec0cc6a5eed011ea4adde2d7681455.mp4' for writing
[hls @ 0x559edb9890] Opening '/transcode/08bfec0cc6a5eed011ea4adde2d7681456.mp4' for writing
frame= 4101 fps=248 q=41.0 size=N/A time=00:02:47.75 bitrate=N/A speed=10.2x    
[hls @ 0x559edb9890] Opening '/transcode/08bfec0cc6a5eed011ea4adde2d7681457.mp4' for writing
frame= 4181 fps=246 q=42.0 size=N/A time=00:02:51.08 bitrate=N/A speed=10.1x    
[hls @ 0x559edb9890] Opening '/transcode/08bfec0cc6a5eed011ea4adde2d7681458.mp4' for writing
frame= 4266 fps=244 q=41.0 size=N/A time=00:02:54.63 bitrate=N/A speed=9.98x    
[hls @ 0x559edb9890] Opening '/transcode/08bfec0cc6a5eed011ea4adde2d7681459.mp4' for writing
frame= 4361 fps=242 q=31.0 size=N/A time=00:02:58.59 bitrate=N/A speed=9.92x    
[hls @ 0x559edb9890] Opening '/transcode/08bfec0cc6a5eed011ea4adde2d7681460.mp4' for writing
frame= 4447 fps=240 q=42.0 size=N/A time=00:03:02.18 bitrate=N/A speed=9.84x    
[hls @ 0x559edb9890] Opening '/transcode/08bfec0cc6a5eed011ea4adde2d7681461.mp4' for writing
[hls @ 0x559edb9890] Opening '/transcode/08bfec0cc6a5eed011ea4adde2d7681462.mp4' for writing
frame= 4553 fps=240 q=35.0 size=N/A time=00:03:06.64 bitrate=N/A speed=9.82x    
[hls @ 0x559edb9890] Opening '/transcode/08bfec0cc6a5eed011ea4adde2d7681463.mp4' for writing
frame= 4656 fps=239 q=32.0 size=N/A time=00:03:10.89 bitrate=N/A speed=9.79x    
[hls @ 0x559edb9890] Opening '/transcode/08bfec0cc6a5eed011ea4adde2d7681464.mp4' for writing
[hls @ 0x559edb9890] Opening '/transcode/08bfec0cc6a5eed011ea4adde2d7681465.mp4' for writing
frame= 4758 fps=238 q=29.0 size=N/A time=00:03:15.15 bitrate=N/A speed=9.75x    
[hls @ 0x559edb9890] Opening '/transcode/08bfec0cc6a5eed011ea4adde2d7681466.mp4' for writing
frame= 4855 fps=237 q=32.0 size=N/A time=00:03:19.19 bitrate=N/A speed=9.71x    
[hls @ 0x559edb9890] Opening '/transcode/08bfec0cc6a5eed011ea4adde2d7681467.mp4' for writing
frame= 4958 fps=236 q=31.0 size=N/A time=00:03:23.49 bitrate=N/A speed=9.69x    
[hls @ 0x559edb9890] Opening '/transcode/08bfec0cc6a5eed011ea4adde2d7681468.mp4' for writing
[hls @ 0x559edb9890] Opening '/transcode/08bfec0cc6a5eed011ea4adde2d7681469.mp4' for writing
frame= 5065 fps=236 q=30.0 size=N/A time=00:03:27.95 bitrate=N/A speed=9.67x    
[hls @ 0x559edb9890] Opening '/transcode/08bfec0cc6a5eed011ea4adde2d7681470.mp4' for writing
[hls @ 0x559edb9890] Opening '/transcode/08bfec0cc6a5eed011ea4adde2d7681471.mp4' for writing
frame= 5189 fps=236 q=30.0 size=N/A time=00:03:33.12 bitrate=N/A speed=9.68x    
[hls @ 0x559edb9890] Opening '/transcode/08bfec0cc6a5eed011ea4adde2d7681472.mp4' for writing
frame= 5285 fps=235 q=39.0 size=N/A time=00:03:37.13 bitrate=N/A speed=9.65x    
[hls @ 0x559edb9890] Opening '/transcode/08bfec0cc6a5eed011ea4adde2d7681473.mp4' for writing
frame= 5362 fps=233 q=42.0 size=N/A time=00:03:40.34 bitrate=N/A speed=9.58x    
[hls @ 0x559edb9890] Opening '/transcode/08bfec0cc6a5eed011ea4adde2d7681474.mp4' for writing
frame= 5440 fps=231 q=29.0 size=N/A time=00:03:43.59 bitrate=N/A speed=9.51x    
[hls @ 0x559edb9890] Opening '/transcode/08bfec0cc6a5eed011ea4adde2d7681475.mp4' for writing
frame= 5516 fps=230 q=49.0 size=N/A time=00:03:46.76 bitrate=N/A speed=9.45x    
[hls @ 0x559edb9890] Opening '/transcode/08bfec0cc6a5eed011ea4adde2d7681476.mp4' for writing
frame= 5589 fps=228 q=36.0 size=N/A time=00:03:49.81 bitrate=N/A speed=9.38x    
[hls @ 0x559edb9890] Opening '/transcode/08bfec0cc6a5eed011ea4adde2d7681477.mp4' for writing
frame= 5664 fps=226 q=36.0 size=N/A time=00:03:52.94 bitrate=N/A speed=9.31x    
[hls @ 0x559edb9890] Opening '/transcode/08bfec0cc6a5eed011ea4adde2d7681478.mp4' for writing
frame= 5737 fps=225 q=41.0 size=N/A time=00:03:55.98 bitrate=N/A speed=9.25x    
[hls @ 0x559edb9890] Opening '/transcode/08bfec0cc6a5eed011ea4adde2d7681479.mp4' for writing
frame= 5800 fps=223 q=41.0 size=N/A time=00:03:58.61 bitrate=N/A speed=9.17x    
[hls @ 0x559edb9890] Opening '/transcode/08bfec0cc6a5eed011ea4adde2d7681480.mp4' for writing
frame= 5862 fps=221 q=44.0 size=N/A time=00:04:01.19 bitrate=N/A speed= 9.1x    
[hls @ 0x559edb9890] Opening '/transcode/08bfec0cc6a5eed011ea4adde2d7681481.mp4' for writing
frame= 5919 fps=219 q=46.0 size=N/A time=00:04:03.61 bitrate=N/A speed=9.02x    
[hls @ 0x559edb9890] Opening '/transcode/08bfec0cc6a5eed011ea4adde2d7681482.mp4' for writing
frame= 6033 fps=219 q=28.0 size=N/A time=00:04:08.33 bitrate=N/A speed=9.03x    
[hls @ 0x559edb9890] Opening '/transcode/08bfec0cc6a5eed011ea4adde2d7681483.mp4' for writing
[hls @ 0x559edb9890] Opening '/transcode/08bfec0cc6a5eed011ea4adde2d7681484.mp4' for writing
frame= 6146 fps=219 q=36.0 size=N/A time=00:04:13.04 bitrate=N/A speed=9.03x    
[hls @ 0x559edb9890] Opening '/transcode/08bfec0cc6a5eed011ea4adde2d7681485.mp4' for writing
frame= 6238 fps=219 q=38.0 size=N/A time=00:04:16.88 bitrate=N/A speed=9.01x    
[hls @ 0x559edb9890] Opening '/transcode/08bfec0cc6a5eed011ea4adde2d7681486.mp4' for writing
[hls @ 0x559edb9890] Opening '/transcode/08bfec0cc6a5eed011ea4adde2d7681487.mp4' for writing
frame= 6331 fps=218 q=43.0 size=N/A time=00:04:20.76 bitrate=N/A speed=8.99x    
[hls @ 0x559edb9890] Opening '/transcode/08bfec0cc6a5eed011ea4adde2d7681488.mp4' for writing
frame= 6407 fps=217 q=40.0 size=N/A time=00:04:23.93 bitrate=N/A speed=8.94x    
[hls @ 0x559edb9890] Opening '/transcode/08bfec0cc6a5eed011ea4adde2d7681489.mp4' for writing
frame= 6503 fps=217 q=33.0 size=N/A time=00:04:27.93 bitrate=N/A speed=8.93x    
[hls @ 0x559edb9890] Opening '/transcode/08bfec0cc6a5eed011ea4adde2d7681490.mp4' for writing
[hls @ 0x559edb9890] Opening '/transcode/08bfec0cc6a5eed011ea4adde2d7681491.mp4' for writing

Transcoding is paused. Press [u] to resume.
frame= 6636 fps=218 q=28.0 size=N/A time=00:04:33.48 bitrate=N/A speed=8.96x    
[hls @ 0x559edb9890] Opening '/transcode/08bfec0cc6a5eed011ea4adde2d7681492.mp4' for writing
[hls @ 0x559edb9890] Opening '/transcode/08bfec0cc6a5eed011ea4adde2d7681493.mp4' for writing


[q] command received. Exiting.

[hls @ 0x559edb9890] Opening '/transcode/08bfec0cc6a5eed011ea4adde2d7681494.mp4' for writing
[out#0/hls @ 0x559edce5f0] video:9145KiB audio:4438KiB subtitle:0KiB other streams:0KiB global headers:0KiB muxing overhead: unknown
frame= 6815 fps=219 q=-1.0 Lsize=N/A time=00:04:40.83 bitrate=N/A speed=9.02x    
[libx264 @ 0x559eda22c0] frame I:95    Avg QP:24.64  size: 13230
[libx264 @ 0x559eda22c0] frame P:2193  Avg QP:27.77  size:  2845
[libx264 @ 0x559eda22c0] frame B:4527  Avg QP:30.59  size:   412
[libx264 @ 0x559eda22c0] consecutive B-frames:  8.2%  7.1%  7.4% 77.2%
[libx264 @ 0x559eda22c0] mb I  I16..4: 47.8% 38.7% 13.5%
[libx264 @ 0x559eda22c0] mb P  I16..4: 12.5% 10.0%  0.4%  P16..4: 14.8%  4.3%  1.3%  0.0%  0.0%    skip:56.6%
[libx264 @ 0x559eda22c0] mb B  I16..4:  0.9%  0.6%  0.0%  B16..8:  5.8%  1.1%  0.0%  direct: 1.9%  skip:89.6%  L0:42.6% L1:48.0% BI: 9.4%
[libx264 @ 0x559eda22c0] 8x8 transform intra:42.5% inter:20.3%
[libx264 @ 0x559eda22c0] coded y,uvDC,uvAC intra: 23.1% 24.8% 4.6% inter: 1.9% 3.6% 0.2%
[libx264 @ 0x559eda22c0] i16 v,h,dc,p: 53% 24% 13% 10%
[libx264 @ 0x559eda22c0] i8 v,h,dc,ddl,ddr,vr,hd,vl,hu: 19% 17% 29%  6%  6%  5%  5%  5%  7%
[libx264 @ 0x559eda22c0] i4 v,h,dc,ddl,ddr,vr,hd,vl,hu: 28% 25% 17%  3%  7%  4%  5%  4%  7%
[libx264 @ 0x559eda22c0] i8c dc,h,v,p: 63% 18% 16%  3%
[libx264 @ 0x559eda22c0] Weighted P-Frames: Y:11.4% UV:9.4%
[libx264 @ 0x559eda22c0] kb/s:263.54