{"Protocol":0,"Id":"738c2177d739fff9301459234c11f7d6","Path":"/media/movies/Star Wars V-Return of the Jedi.mp4","EncoderPath":null,"EncoderProtocol":null,"Type":0,"Container":"mov,mp4,m4a,3gp,3g2,mj2","Size":1649462231,"Name":"Star Wars V-Return of the Jedi","IsRemote":false,"ETag":"195e2aeee31facfd1cc333d18e8067bb","RunTimeTicks":80875102040,"ReadAtNativeFramerate":false,"IgnoreDts":false,"IgnoreIndex":false,"GenPtsInput":false,"SupportsTranscoding":true,"SupportsDirectStream":true,"SupportsDirectPlay":true,"IsInfiniteStream":false,"UseMostCompatibleTranscodingProfile":false,"RequiresOpening":false,"OpenToken":null,"RequiresClosing":false,"LiveStreamId":null,"BufferMs":null,"RequiresLooping":false,"SupportsProbing":true,"VideoType":0,"IsoType":null,"Video3DFormat":null,"MediaStreams":[{"Codec":"h264","CodecTag":"avc1","Language":"und","ColorRange":null,"ColorSpace":"bt709","ColorTransfer":"bt709","ColorPrimaries":"bt709","DvVersionMajor":null,"DvVersionMinor":null,"DvProfile":null,"DvLevel":null,"RpuPresentFlag":null,"ElPresentFlag":null,"BlPresentFlag":null,"DvBlSignalCompatibilityId":null,"Rotation":null,"Comment":null,"TimeBase":"1/24000","CodecTimeBase":null,"Title":null,"VideoRange":1,"VideoRangeType":1,"VideoDoViTitle":null,"AudioSpatialFormat":0,"LocalizedUndefined":null,"LocalizedDefault":null,"LocalizedForced":null,"LocalizedExternal":null,"LocalizedHearingImpaired":null,"DisplayTitle":"1080p H264 SDR","NalLengthSize":"4","IsInterlaced":false,"IsAVC":true,"ChannelLayout":null,"BitRate":1501299,"BitDepth":8,"RefFrames":1,"PacketLength":null,"Channels":null,"SampleRate":null,"IsDefault":true,"IsForced":false,"IsHearingImpaired":false,"Height":816,"Width":1920,"AverageFrameRate":23.976025,"RealFrameRate":23.976025,"ReferenceFrameRate":23.976025,"Profile":"High","Type":1,"AspectRatio":"2.35:1","Index":0,"Score":null,"IsExternal":false,"DeliveryMethod":null,"DeliveryUrl":null,"IsExternalUrl":null,"IsTextSubtitleStream":false,"SupportsExternalStream":false,"Path":null,"PixelFormat":"yuv420p","Level":40,"IsAnamorphic":false},{"Codec":"aac","CodecTag":"mp4a","Language":"eng","ColorRange":null,"ColorSpace":null,"ColorTransfer":null,"ColorPrimaries":null,"DvVersionMajor":null,"DvVersionMinor":null,"DvProfile":null,"DvLevel":null,"RpuPresentFlag":null,"ElPresentFlag":null,"BlPresentFlag":null,"DvBlSignalCompatibilityId":null,"Rotation":null,"Comment":null,"TimeBase":"1/44100","CodecTimeBase":null,"Title":"ISO Media file produced by Google Inc.","VideoRange":0,"VideoRangeType":0,"VideoDoViTitle":null,"AudioSpatialFormat":0,"LocalizedUndefined":null,"LocalizedDefault":"Default","LocalizedForced":null,"LocalizedExternal":"External","LocalizedHearingImpaired":null,"DisplayTitle":"ISO Media file produced by Google Inc. - English - AAC - Stereo - Default","NalLengthSize":null,"IsInterlaced":false,"IsAVC":false,"ChannelLayout":"stereo","BitRate":127999,"BitDepth":null,"RefFrames":null,"PacketLength":null,"Channels":2,"SampleRate":44100,"IsDefault":true,"IsForced":false,"IsHearingImpaired":false,"Height":null,"Width":null,"AverageFrameRate":null,"RealFrameRate":null,"ReferenceFrameRate":null,"Profile":"LC","Type":0,"AspectRatio":null,"Index":1,"Score":null,"IsExternal":false,"DeliveryMethod":null,"DeliveryUrl":null,"IsExternalUrl":null,"IsTextSubtitleStream":false,"SupportsExternalStream":false,"Path":null,"PixelFormat":null,"Level":0,"IsAnamorphic":null}],"MediaAttachments":[],"Formats":[],"Bitrate":1631614,"FallbackMaxStreamingBitrate":null,"Timestamp":null,"RequiredHttpHeaders":{},"TranscodingUrl":null,"TranscodingSubProtocol":0,"TranscodingContainer":null,"AnalyzeDurationMs":null,"DefaultAudioStreamIndex":null,"DefaultSubtitleStreamIndex":null,"HasSegments":false}

/usr/lib/jellyfin-ffmpeg/ffmpeg -analyzeduration 200M -probesize 1G -f mov,mp4,m4a,3gp,3g2,mj2 -init_hw_device rkmpp=rk -hwaccel rkmpp -hwaccel_output_format drm_prime -noautorotate -afbc rga -i file:"/media/movies/Star Wars V-Return of the Jedi.mp4" -noautoscale -map_metadata -1 -map_chapters -1 -threads 0 -map 0:0 -map 0:1 -map -0:s -codec:v:0 h264_rkmpp -b:v 292001 -maxrate 292001 -bufsize 584002 -profile:v:0 high -level 40 -g:v:0 72 -keyint_min:v:0 72 -vf "setparams=color_primaries=bt709:color_trc=bt709:colorspace=bt709,vpp_rkrga=w=960:h=408:format=nv12:afbc=1" -codec:a:0 copy -copyts -avoid_negative_ts disabled -max_muxing_queue_size 2048 -f hls -max_delay 5000000 -hls_time 3 -hls_segment_type fmp4 -hls_fmp4_init_filename "1883e3d52db7d2b6abc3347155a10deb-1.mp4" -start_number 0 -hls_segment_filename "/transcode/1883e3d52db7d2b6abc3347155a10deb%d.mp4" -hls_playlist_type vod -hls_list_size 0 -hls_segment_options movflags=+frag_discont -y "/transcode/1883e3d52db7d2b6abc3347155a10deb.m3u8"


ffmpeg version 7.1.3-Jellyfin Copyright (c) 2000-2025 the FFmpeg developers
  built with gcc 12 (Debian 12.2.0-14)
  configuration: --prefix=/usr/lib/jellyfin-ffmpeg --target-os=linux --extra-version=Jellyfin --disable-doc --disable-ffplay --disable-static --disable-libxcb --disable-sdl2 --disable-xlib --enable-lto=auto --enable-gpl --enable-version3 --enable-shared --enable-gmp --enable-gnutls --enable-chromaprint --enable-opencl --enable-libdrm --enable-libxml2 --enable-libass --enable-libfreetype --enable-libfribidi --enable-libfontconfig --enable-libharfbuzz --enable-libbluray --enable-libmp3lame --enable-libopus --enable-libtheora --enable-libvorbis --enable-libopenmpt --enable-libdav1d --enable-libsvtav1 --enable-libwebp --enable-libvpx --enable-libx264 --enable-libx265 --enable-libzvbi --enable-libzimg --enable-libfdk-aac --arch=arm64 --cross-prefix=/usr/bin/aarch64-linux-gnu- --toolchain=hardened --enable-cross-compile --enable-rkmpp --enable-rkrga --enable-ffnvcodec --enable-cuda --enable-cuda-llvm --enable-cuvid --enable-nvdec --enable-nvenc
  libavutil      59. 39.100 / 59. 39.100
  libavcodec     61. 19.101 / 61. 19.101
  libavformat    61.  7.100 / 61.  7.100
  libavdevice    61.  3.100 / 61.  3.100
  libavfilter    10.  4.100 / 10.  4.100
  libswscale      8.  3.100 /  8.  3.100
  libswresample   5.  3.100 /  5.  3.100
  libpostproc    58.  3.100 / 58.  3.100
Input #0, mov,mp4,m4a,3gp,3g2,mj2, from 'file:/media/movies/Star Wars V-Return of the Jedi.mp4':
  Metadata:
    major_brand     : mp42
    minor_version   : 0
    compatible_brands: isommp42
    creation_time   : 2013-02-23T01:50:47.000000Z
    encoder         : Google
  Duration: 02:14:47.51, start: 0.000000, bitrate: 1631 kb/s
  Stream #0:0[0x1](und): Video: h264 (High) (avc1 / 0x31637661), yuv420p(tv, bt709, progressive), 1920x816 [SAR 1:1 DAR 40:17], 1501 kb/s, 23.98 fps, 23.98 tbr, 24k tbn (default)
      Metadata:
        handler_name    : ISO Media file produced by Google Inc.
        vendor_id       : [0][0][0][0]
  Stream #0:1[0x2](eng): Audio: aac (LC) (mp4a / 0x6134706D), 44100 Hz, stereo, fltp, 127 kb/s (default)
      Metadata:
        handler_name    : ISO Media file produced by Google Inc.
        vendor_id       : [0][0][0][0]
Stream mapping:
  Stream #0:0 -> #0:0 (h264 (h264_rkmpp) -> h264 (h264_rkmpp))
  Stream #0:1 -> #0:1 (copy)
Press [q] to stop, [?] for help
[hls @ 0x55a10039d0] Opening '/transcode/1883e3d52db7d2b6abc3347155a10deb-1.mp4' for writing
Output #0, hls, to '/transcode/1883e3d52db7d2b6abc3347155a10deb.m3u8':
  Metadata:
    encoder         : Lavf61.7.100
  Stream #0:0: Video: h264 (High), drm_prime(tv, bt709, progressive), 960x408 [SAR 1:1 DAR 40:17], q=2-31, 292 kb/s, 23.98 fps, 24k tbn (default)
      Metadata:
        encoder         : Lavc61.19.101 h264_rkmpp
  Stream #0:1: Audio: aac (LC) (mp4a / 0x6134706D), 44100 Hz, stereo, fltp, 127 kb/s (default)
[hls @ 0x55a10039d0] Opening '/transcode/1883e3d52db7d2b6abc3347155a10deb0.mp4' for writing
[hls @ 0x55a10039d0] Opening '/transcode/1883e3d52db7d2b6abc3347155a10deb1.mp4' for writing
[hls @ 0x55a10039d0] Opening '/transcode/1883e3d52db7d2b6abc3347155a10deb2.mp4' for writing
[hls @ 0x55a10039d0] Opening '/transcode/1883e3d52db7d2b6abc3347155a10deb3.mp4' for writing
[hls @ 0x55a10039d0] Opening '/transcode/1883e3d52db7d2b6abc3347155a10deb4.mp4' for writing
[hls @ 0x55a10039d0] Opening '/transcode/1883e3d52db7d2b6abc3347155a10deb5.mp4' for writing
frame=  462 fps=0.0 q=17.0 size=N/A time=00:00:00.00 bitrate=N/A speed=   0x    
[hls @ 0x55a10039d0] Opening '/transcode/1883e3d52db7d2b6abc3347155a10deb6.mp4' for writing
[hls @ 0x55a10039d0] Opening '/transcode/1883e3d52db7d2b6abc3347155a10deb7.mp4' for writing
[hls @ 0x55a10039d0] Opening '/transcode/1883e3d52db7d2b6abc3347155a10deb8.mp4' for writing
[hls @ 0x55a10039d0] Opening '/transcode/1883e3d52db7d2b6abc3347155a10deb9.mp4' for writing
[hls @ 0x55a10039d0] Opening '/transcode/1883e3d52db7d2b6abc3347155a10deb10.mp4' for writing
[hls @ 0x55a10039d0] Opening '/transcode/1883e3d52db7d2b6abc3347155a10deb11.mp4' for writing
[hls @ 0x55a10039d0] Opening '/transcode/1883e3d52db7d2b6abc3347155a10deb12.mp4' for writing
frame=  975 fps=975 q=18.0 size=N/A time=00:00:21.39 bitrate=N/A speed=21.4x    
[hls @ 0x55a10039d0] Opening '/transcode/1883e3d52db7d2b6abc3347155a10deb13.mp4' for writing
[hls @ 0x55a10039d0] Opening '/transcode/1883e3d52db7d2b6abc3347155a10deb14.mp4' for writing
[hls @ 0x55a10039d0] Opening '/transcode/1883e3d52db7d2b6abc3347155a10deb15.mp4' for writing
[hls @ 0x55a10039d0] Opening '/transcode/1883e3d52db7d2b6abc3347155a10deb16.mp4' for writing
[hls @ 0x55a10039d0] Opening '/transcode/1883e3d52db7d2b6abc3347155a10deb17.mp4' for writing
[hls @ 0x55a10039d0] Opening '/transcode/1883e3d52db7d2b6abc3347155a10deb18.mp4' for writing
[hls @ 0x55a10039d0] Opening '/transcode/1883e3d52db7d2b6abc3347155a10deb19.mp4' for writing
frame= 1484 fps=989 q=31.0 size=N/A time=00:00:42.62 bitrate=N/A speed=28.4x    
[hls @ 0x55a10039d0] Opening '/transcode/1883e3d52db7d2b6abc3347155a10deb20.mp4' for writing
[hls @ 0x55a10039d0] Opening '/transcode/1883e3d52db7d2b6abc3347155a10deb21.mp4' for writing
[hls @ 0x55a10039d0] Opening '/transcode/1883e3d52db7d2b6abc3347155a10deb22.mp4' for writing
[hls @ 0x55a10039d0] Opening '/transcode/1883e3d52db7d2b6abc3347155a10deb23.mp4' for writing
[hls @ 0x55a10039d0] Opening '/transcode/1883e3d52db7d2b6abc3347155a10deb24.mp4' for writing
[hls @ 0x55a10039d0] Opening '/transcode/1883e3d52db7d2b6abc3347155a10deb25.mp4' for writing
[hls @ 0x55a10039d0] Opening '/transcode/1883e3d52db7d2b6abc3347155a10deb26.mp4' for writing
frame= 1981 fps=990 q=35.0 size=N/A time=00:01:03.35 bitrate=N/A speed=31.7x    
[hls @ 0x55a10039d0] Opening '/transcode/1883e3d52db7d2b6abc3347155a10deb27.mp4' for writing
[hls @ 0x55a10039d0] Opening '/transcode/1883e3d52db7d2b6abc3347155a10deb28.mp4' for writing
[hls @ 0x55a10039d0] Opening '/transcode/1883e3d52db7d2b6abc3347155a10deb29.mp4' for writing
[hls @ 0x55a10039d0] Opening '/transcode/1883e3d52db7d2b6abc3347155a10deb30.mp4' for writing
[hls @ 0x55a10039d0] Opening '/transcode/1883e3d52db7d2b6abc3347155a10deb31.mp4' for writing
[hls @ 0x55a10039d0] Opening '/transcode/1883e3d52db7d2b6abc3347155a10deb32.mp4' for writing
[hls @ 0x55a10039d0] Opening '/transcode/1883e3d52db7d2b6abc3347155a10deb33.mp4' for writing
frame= 2485 fps=994 q=20.0 size=N/A time=00:01:24.37 bitrate=N/A speed=33.7x    
[hls @ 0x55a10039d0] Opening '/transcode/1883e3d52db7d2b6abc3347155a10deb34.mp4' for writing
[hls @ 0x55a10039d0] Opening '/transcode/1883e3d52db7d2b6abc3347155a10deb35.mp4' for writing
[hls @ 0x55a10039d0] Opening '/transcode/1883e3d52db7d2b6abc3347155a10deb36.mp4' for writing
[hls @ 0x55a10039d0] Opening '/transcode/1883e3d52db7d2b6abc3347155a10deb37.mp4' for writing
[hls @ 0x55a10039d0] Opening '/transcode/1883e3d52db7d2b6abc3347155a10deb38.mp4' for writing
[hls @ 0x55a10039d0] Opening '/transcode/1883e3d52db7d2b6abc3347155a10deb39.mp4' for writing
[hls @ 0x55a10039d0] Opening '/transcode/1883e3d52db7d2b6abc3347155a10deb40.mp4' for writing
frame= 2995 fps=998 q=20.0 size=N/A time=00:01:45.64 bitrate=N/A speed=35.2x    
[hls @ 0x55a10039d0] Opening '/transcode/1883e3d52db7d2b6abc3347155a10deb41.mp4' for writing
[hls @ 0x55a10039d0] Opening '/transcode/1883e3d52db7d2b6abc3347155a10deb42.mp4' for writing
[hls @ 0x55a10039d0] Opening '/transcode/1883e3d52db7d2b6abc3347155a10deb43.mp4' for writing
[hls @ 0x55a10039d0] Opening '/transcode/1883e3d52db7d2b6abc3347155a10deb44.mp4' for writing
[hls @ 0x55a10039d0] Opening '/transcode/1883e3d52db7d2b6abc3347155a10deb45.mp4' for writing
[hls @ 0x55a10039d0] Opening '/transcode/1883e3d52db7d2b6abc3347155a10deb46.mp4' for writing
[hls @ 0x55a10039d0] Opening '/transcode/1883e3d52db7d2b6abc3347155a10deb47.mp4' for writing
frame= 3495 fps=998 q=28.0 size=N/A time=00:02:06.50 bitrate=N/A speed=36.1x    
[hls @ 0x55a10039d0] Opening '/transcode/1883e3d52db7d2b6abc3347155a10deb48.mp4' for writing
[hls @ 0x55a10039d0] Opening '/transcode/1883e3d52db7d2b6abc3347155a10deb49.mp4' for writing
[hls @ 0x55a10039d0] Opening '/transcode/1883e3d52db7d2b6abc3347155a10deb50.mp4' for writing
[hls @ 0x55a10039d0] Opening '/transcode/1883e3d52db7d2b6abc3347155a10deb51.mp4' for writing
[hls @ 0x55a10039d0] Opening '/transcode/1883e3d52db7d2b6abc3347155a10deb52.mp4' for writing
[hls @ 0x55a10039d0] Opening '/transcode/1883e3d52db7d2b6abc3347155a10deb53.mp4' for writing
[hls @ 0x55a10039d0] Opening '/transcode/1883e3d52db7d2b6abc3347155a10deb54.mp4' for writing
frame= 3992 fps=998 q=27.0 size=N/A time=00:02:27.23 bitrate=N/A speed=36.8x    
[hls @ 0x55a10039d0] Opening '/transcode/1883e3d52db7d2b6abc3347155a10deb55.mp4' for writing
[hls @ 0x55a10039d0] Opening '/transcode/1883e3d52db7d2b6abc3347155a10deb56.mp4' for writing
[hls @ 0x55a10039d0] Opening '/transcode/1883e3d52db7d2b6abc3347155a10deb57.mp4' for writing
[hls @ 0x55a10039d0] Opening '/transcode/1883e3d52db7d2b6abc3347155a10deb58.mp4' for writing
[hls @ 0x55a10039d0] Opening '/transcode/1883e3d52db7d2b6abc3347155a10deb59.mp4' for writing
[hls @ 0x55a10039d0] Opening '/transcode/1883e3d52db7d2b6abc3347155a10deb60.mp4' for writing
[hls @ 0x55a10039d0] Opening '/transcode/1883e3d52db7d2b6abc3347155a10deb61.mp4' for writing
frame= 4487 fps=997 q=41.0 size=N/A time=00:02:47.87 bitrate=N/A speed=37.3x    
[hls @ 0x55a10039d0] Opening '/transcode/1883e3d52db7d2b6abc3347155a10deb62.mp4' for writing
[hls @ 0x55a10039d0] Opening '/transcode/1883e3d52db7d2b6abc3347155a10deb63.mp4' for writing
[hls @ 0x55a10039d0] Opening '/transcode/1883e3d52db7d2b6abc3347155a10deb64.mp4' for writing
[hls @ 0x55a10039d0] Opening '/transcode/1883e3d52db7d2b6abc3347155a10deb65.mp4' for writing
[hls @ 0x55a10039d0] Opening '/transcode/1883e3d52db7d2b6abc3347155a10deb66.mp4' for writing
[hls @ 0x55a10039d0] Opening '/transcode/1883e3d52db7d2b6abc3347155a10deb67.mp4' for writing
[hls @ 0x55a10039d0] Opening '/transcode/1883e3d52db7d2b6abc3347155a10deb68.mp4' for writing
frame= 4999 fps=999 q=35.0 size=N/A time=00:03:09.23 bitrate=N/A speed=37.8x    
[hls @ 0x55a10039d0] Opening '/transcode/1883e3d52db7d2b6abc3347155a10deb69.mp4' for writing
[hls @ 0x55a10039d0] Opening '/transcode/1883e3d52db7d2b6abc3347155a10deb70.mp4' for writing
[hls @ 0x55a10039d0] Opening '/transcode/1883e3d52db7d2b6abc3347155a10deb71.mp4' for writing
[hls @ 0x55a10039d0] Opening '/transcode/1883e3d52db7d2b6abc3347155a10deb72.mp4' for writing
[hls @ 0x55a10039d0] Opening '/transcode/1883e3d52db7d2b6abc3347155a10deb73.mp4' for writing
[hls @ 0x55a10039d0] Opening '/transcode/1883e3d52db7d2b6abc3347155a10deb74.mp4' for writing
[hls @ 0x55a10039d0] Opening '/transcode/1883e3d52db7d2b6abc3347155a10deb75.mp4' for writing
frame= 5517 fps=1003 q=32.0 size=N/A time=00:03:30.83 bitrate=N/A speed=38.3x    
[hls @ 0x55a10039d0] Opening '/transcode/1883e3d52db7d2b6abc3347155a10deb76.mp4' for writing
[hls @ 0x55a10039d0] Opening '/transcode/1883e3d52db7d2b6abc3347155a10deb77.mp4' for writing
[hls @ 0x55a10039d0] Opening '/transcode/1883e3d52db7d2b6abc3347155a10deb78.mp4' for writing
[hls @ 0x55a10039d0] Opening '/transcode/1883e3d52db7d2b6abc3347155a10deb79.mp4' for writing
[hls @ 0x55a10039d0] Opening '/transcode/1883e3d52db7d2b6abc3347155a10deb80.mp4' for writing
[hls @ 0x55a10039d0] Opening '/transcode/1883e3d52db7d2b6abc3347155a10deb81.mp4' for writing
[hls @ 0x55a10039d0] Opening '/transcode/1883e3d52db7d2b6abc3347155a10deb82.mp4' for writing
frame= 6023 fps=1003 q=38.0 size=N/A time=00:03:51.94 bitrate=N/A speed=38.6x    
[hls @ 0x55a10039d0] Opening '/transcode/1883e3d52db7d2b6abc3347155a10deb83.mp4' for writing
[hls @ 0x55a10039d0] Opening '/transcode/1883e3d52db7d2b6abc3347155a10deb84.mp4' for writing
[hls @ 0x55a10039d0] Opening '/transcode/1883e3d52db7d2b6abc3347155a10deb85.mp4' for writing
[hls @ 0x55a10039d0] Opening '/transcode/1883e3d52db7d2b6abc3347155a10deb86.mp4' for writing
[hls @ 0x55a10039d0] Opening '/transcode/1883e3d52db7d2b6abc3347155a10deb87.mp4' for writing
[hls @ 0x55a10039d0] Opening '/transcode/1883e3d52db7d2b6abc3347155a10deb88.mp4' for writing
[hls @ 0x55a10039d0] Opening '/transcode/1883e3d52db7d2b6abc3347155a10deb89.mp4' for writing
frame= 6521 fps=1003 q=25.0 size=N/A time=00:04:12.71 bitrate=N/A speed=38.9x    
[hls @ 0x55a10039d0] Opening '/transcode/1883e3d52db7d2b6abc3347155a10deb90.mp4' for writing
[hls @ 0x55a10039d0] Opening '/transcode/1883e3d52db7d2b6abc3347155a10deb91.mp4' for writing
[hls @ 0x55a10039d0] Opening '/transcode/1883e3d52db7d2b6abc3347155a10deb92.mp4' for writing
[hls @ 0x55a10039d0] Opening '/transcode/1883e3d52db7d2b6abc3347155a10deb93.mp4' for writing
[hls @ 0x55a10039d0] Opening '/transcode/1883e3d52db7d2b6abc3347155a10deb94.mp4' for writing
[hls @ 0x55a10039d0] Opening '/transcode/1883e3d52db7d2b6abc3347155a10deb95.mp4' for writing
[hls @ 0x55a10039d0] Opening '/transcode/1883e3d52db7d2b6abc3347155a10deb96.mp4' for writing
frame= 7021 fps=1003 q=24.0 size=N/A time=00:04:33.56 bitrate=N/A speed=39.1x    
[hls @ 0x55a10039d0] Opening '/transcode/1883e3d52db7d2b6abc3347155a10deb97.mp4' for writing
[hls @ 0x55a10039d0] Opening '/transcode/1883e3d52db7d2b6abc3347155a10deb98.mp4' for writing
[hls @ 0x55a10039d0] Opening '/transcode/1883e3d52db7d2b6abc3347155a10deb99.mp4' for writing
[hls @ 0x55a10039d0] Opening '/transcode/1883e3d52db7d2b6abc3347155a10deb100.mp4' for writing
[hls @ 0x55a10039d0] Opening '/transcode/1883e3d52db7d2b6abc3347155a10deb101.mp4' for writing
[hls @ 0x55a10039d0] Opening '/transcode/1883e3d52db7d2b6abc3347155a10deb102.mp4' for writing
[hls @ 0x55a10039d0] Opening '/transcode/1883e3d52db7d2b6abc3347155a10deb103.mp4' for writing
frame= 7515 fps=1002 q=34.0 size=N/A time=00:04:54.16 bitrate=N/A speed=39.2x    
[hls @ 0x55a10039d0] Opening '/transcode/1883e3d52db7d2b6abc3347155a10deb104.mp4' for writing
[hls @ 0x55a10039d0] Opening '/transcode/1883e3d52db7d2b6abc3347155a10deb105.mp4' for writing
[hls @ 0x55a10039d0] Opening '/transcode/1883e3d52db7d2b6abc3347155a10deb106.mp4' for writing
[hls @ 0x55a10039d0] Opening '/transcode/1883e3d52db7d2b6abc3347155a10deb107.mp4' for writing
[hls @ 0x55a10039d0] Opening '/transcode/1883e3d52db7d2b6abc3347155a10deb108.mp4' for writing
[hls @ 0x55a10039d0] Opening '/transcode/1883e3d52db7d2b6abc3347155a10deb109.mp4' for writing
[hls @ 0x55a10039d0] Opening '/transcode/1883e3d52db7d2b6abc3347155a10deb110.mp4' for writing
frame= 8006 fps=1000 q=30.0 size=N/A time=00:05:14.64 bitrate=N/A speed=39.3x    
[hls @ 0x55a10039d0] Opening '/transcode/1883e3d52db7d2b6abc3347155a10deb111.mp4' for writing
[hls @ 0x55a10039d0] Opening '/transcode/1883e3d52db7d2b6abc3347155a10deb112.mp4' for writing
[hls @ 0x55a10039d0] Opening '/transcode/1883e3d52db7d2b6abc3347155a10deb113.mp4' for writing
[hls @ 0x55a10039d0] Opening '/transcode/1883e3d52db7d2b6abc3347155a10deb114.mp4' for writing
[hls @ 0x55a10039d0] Opening '/transcode/1883e3d52db7d2b6abc3347155a10deb115.mp4' for writing
[hls @ 0x55a10039d0] Opening '/transcode/1883e3d52db7d2b6abc3347155a10deb116.mp4' for writing
[hls @ 0x55a10039d0] Opening '/transcode/1883e3d52db7d2b6abc3347155a10deb117.mp4' for writing
frame= 8501 fps=1000 q=28.0 size=N/A time=00:05:35.29 bitrate=N/A speed=39.4x    
[hls @ 0x55a10039d0] Opening '/transcode/1883e3d52db7d2b6abc3347155a10deb118.mp4' for writing
[hls @ 0x55a10039d0] Opening '/transcode/1883e3d52db7d2b6abc3347155a10deb119.mp4' for writing
[hls @ 0x55a10039d0] Opening '/transcode/1883e3d52db7d2b6abc3347155a10deb120.mp4' for writing
[hls @ 0x55a10039d0] Opening '/transcode/1883e3d52db7d2b6abc3347155a10deb121.mp4' for writing
[hls @ 0x55a10039d0] Opening '/transcode/1883e3d52db7d2b6abc3347155a10deb122.mp4' for writing
[hls @ 0x55a10039d0] Opening '/transcode/1883e3d52db7d2b6abc3347155a10deb123.mp4' for writing
frame= 8995 fps=999 q=26.0 size=N/A time=00:05:55.89 bitrate=N/A speed=39.5x    
[hls @ 0x55a10039d0] Opening '/transcode/1883e3d52db7d2b6abc3347155a10deb124.mp4' for writing
[hls @ 0x55a10039d0] Opening '/transcode/1883e3d52db7d2b6abc3347155a10deb125.mp4' for writing
[hls @ 0x55a10039d0] Opening '/transcode/1883e3d52db7d2b6abc3347155a10deb126.mp4' for writing
[hls @ 0x55a10039d0] Opening '/transcode/1883e3d52db7d2b6abc3347155a10deb127.mp4' for writing
[hls @ 0x55a10039d0] Opening '/transcode/1883e3d52db7d2b6abc3347155a10deb128.mp4' for writing
[hls @ 0x55a10039d0] Opening '/transcode/1883e3d52db7d2b6abc3347155a10deb129.mp4' for writing
[hls @ 0x55a10039d0] Opening '/transcode/1883e3d52db7d2b6abc3347155a10deb130.mp4' for writing
frame= 9491 fps=999 q=27.0 size=N/A time=00:06:16.58 bitrate=N/A speed=39.6x    
[hls @ 0x55a10039d0] Opening '/transcode/1883e3d52db7d2b6abc3347155a10deb131.mp4' for writing
[hls @ 0x55a10039d0] Opening '/transcode/1883e3d52db7d2b6abc3347155a10deb132.mp4' for writing
[hls @ 0x55a10039d0] Opening '/transcode/1883e3d52db7d2b6abc3347155a10deb133.mp4' for writing
[hls @ 0x55a10039d0] Opening '/transcode/1883e3d52db7d2b6abc3347155a10deb134.mp4' for writing
[hls @ 0x55a10039d0] Opening '/transcode/1883e3d52db7d2b6abc3347155a10deb135.mp4' for writing
[hls @ 0x55a10039d0] Opening '/transcode/1883e3d52db7d2b6abc3347155a10deb136.mp4' for writing
[hls @ 0x55a10039d0] Opening '/transcode/1883e3d52db7d2b6abc3347155a10deb137.mp4' for writing
frame= 9982 fps=998 q=34.0 size=N/A time=00:06:37.06 bitrate=N/A speed=39.7x    
[hls @ 0x55a10039d0] Opening '/transcode/1883e3d52db7d2b6abc3347155a10deb138.mp4' for writing
[hls @ 0x55a10039d0] Opening '/transcode/1883e3d52db7d2b6abc3347155a10deb139.mp4' for writing
[hls @ 0x55a10039d0] Opening '/transcode/1883e3d52db7d2b6abc3347155a10deb140.mp4' for writing
[hls @ 0x55a10039d0] Opening '/transcode/1883e3d52db7d2b6abc3347155a10deb141.mp4' for writing
[hls @ 0x55a10039d0] Opening '/transcode/1883e3d52db7d2b6abc3347155a10deb142.mp4' for writing
[hls @ 0x55a10039d0] Opening '/transcode/1883e3d52db7d2b6abc3347155a10deb143.mp4' for writing
[hls @ 0x55a10039d0] Opening '/transcode/1883e3d52db7d2b6abc3347155a10deb144.mp4' for writing


[q] command received. Exiting.

[hls @ 0x55a10039d0] Opening '/transcode/1883e3d52db7d2b6abc3347155a10deb145.mp4' for writing
[out#0/hls @ 0x55a1003900] video:14661KiB audio:6841KiB subtitle:0KiB other streams:0KiB global headers:0KiB muxing overhead: unknown
frame=10497 fps=997 q=29.0 Lsize=N/A time=00:06:58.53 bitrate=N/A speed=39.8x    