{"Protocol":0,"Id":"c5eb23a8357d65eef6e2464cec2b12eb","Path":"/media/movies/Star Wars IV.mp4","EncoderPath":null,"EncoderProtocol":null,"Type":0,"Container":"mov,mp4,m4a,3gp,3g2,mj2","Size":1327407877,"Name":"Star Wars IV","IsRemote":false,"ETag":"ff315d5c3c9407ce4a8916049aa5ee4a","RunTimeTicks":74848827210,"ReadAtNativeFramerate":false,"IgnoreDts":false,"IgnoreIndex":false,"GenPtsInput":false,"SupportsTranscoding":true,"SupportsDirectStream":true,"SupportsDirectPlay":true,"IsInfiniteStream":false,"UseMostCompatibleTranscodingProfile":false,"RequiresOpening":false,"OpenToken":null,"RequiresClosing":false,"LiveStreamId":null,"BufferMs":null,"RequiresLooping":false,"SupportsProbing":true,"VideoType":0,"IsoType":null,"Video3DFormat":null,"MediaStreams":[{"Codec":"h264","CodecTag":"avc1","Language":"und","ColorRange":null,"ColorSpace":"bt709","ColorTransfer":"bt709","ColorPrimaries":"bt709","DvVersionMajor":null,"DvVersionMinor":null,"DvProfile":null,"DvLevel":null,"RpuPresentFlag":null,"ElPresentFlag":null,"BlPresentFlag":null,"DvBlSignalCompatibilityId":null,"Rotation":null,"Comment":null,"TimeBase":"1/24000","CodecTimeBase":null,"Title":null,"VideoRange":1,"VideoRangeType":1,"VideoDoViTitle":null,"AudioSpatialFormat":0,"LocalizedUndefined":null,"LocalizedDefault":null,"LocalizedForced":null,"LocalizedExternal":null,"LocalizedHearingImpaired":null,"DisplayTitle":"1080p H264 SDR","NalLengthSize":"4","IsInterlaced":false,"IsAVC":true,"ChannelLayout":null,"BitRate":1288463,"BitDepth":8,"RefFrames":1,"PacketLength":null,"Channels":null,"SampleRate":null,"IsDefault":true,"IsForced":false,"IsHearingImpaired":false,"Height":816,"Width":1916,"AverageFrameRate":23.976025,"RealFrameRate":23.976025,"ReferenceFrameRate":23.976025,"Profile":"High","Type":1,"AspectRatio":"2.35:1","Index":0,"Score":null,"IsExternal":false,"DeliveryMethod":null,"DeliveryUrl":null,"IsExternalUrl":null,"IsTextSubtitleStream":false,"SupportsExternalStream":false,"Path":null,"PixelFormat":"yuv420p","Level":40,"IsAnamorphic":false},{"Codec":"aac","CodecTag":"mp4a","Language":"und","ColorRange":null,"ColorSpace":null,"ColorTransfer":null,"ColorPrimaries":null,"DvVersionMajor":null,"DvVersionMinor":null,"DvProfile":null,"DvLevel":null,"RpuPresentFlag":null,"ElPresentFlag":null,"BlPresentFlag":null,"DvBlSignalCompatibilityId":null,"Rotation":null,"Comment":null,"TimeBase":"1/44100","CodecTimeBase":null,"Title":"ISO Media file produced by Google Inc.","VideoRange":0,"VideoRangeType":0,"VideoDoViTitle":null,"AudioSpatialFormat":0,"LocalizedUndefined":null,"LocalizedDefault":"Default","LocalizedForced":null,"LocalizedExternal":"External","LocalizedHearingImpaired":null,"DisplayTitle":"ISO Media file produced by Google Inc. - AAC - Stereo - Default","NalLengthSize":null,"IsInterlaced":false,"IsAVC":false,"ChannelLayout":"stereo","BitRate":127999,"BitDepth":null,"RefFrames":null,"PacketLength":null,"Channels":2,"SampleRate":44100,"IsDefault":true,"IsForced":false,"IsHearingImpaired":false,"Height":null,"Width":null,"AverageFrameRate":null,"RealFrameRate":null,"ReferenceFrameRate":null,"Profile":"LC","Type":0,"AspectRatio":null,"Index":1,"Score":null,"IsExternal":false,"DeliveryMethod":null,"DeliveryUrl":null,"IsExternalUrl":null,"IsTextSubtitleStream":false,"SupportsExternalStream":false,"Path":null,"PixelFormat":null,"Level":0,"IsAnamorphic":null}],"MediaAttachments":[],"Formats":[],"Bitrate":1418761,"FallbackMaxStreamingBitrate":null,"Timestamp":null,"RequiredHttpHeaders":{},"TranscodingUrl":null,"TranscodingSubProtocol":0,"TranscodingContainer":null,"AnalyzeDurationMs":null,"DefaultAudioStreamIndex":null,"DefaultSubtitleStreamIndex":null,"HasSegments":false}

/usr/lib/jellyfin-ffmpeg/ffmpeg -analyzeduration 200M -probesize 1G -f mov,mp4,m4a,3gp,3g2,mj2 -init_hw_device rkmpp=rk -hwaccel rkmpp -hwaccel_output_format drm_prime -noautorotate -afbc rga -i file:"/media/movies/Star Wars IV.mp4" -noautoscale -map_metadata -1 -map_chapters -1 -threads 0 -map 0:0 -map 0:1 -map -0:s -codec:v:0 h264_rkmpp -b:v 592001 -maxrate 592001 -bufsize 1184002 -profile:v:0 high -level 40 -g:v:0 72 -keyint_min:v:0 72 -vf "setparams=color_primaries=bt709:color_trc=bt709:colorspace=bt709,vpp_rkrga=w=960:h=408:format=nv12:afbc=1" -codec:a:0 copy -copyts -avoid_negative_ts disabled -max_muxing_queue_size 2048 -f hls -max_delay 5000000 -hls_time 3 -hls_segment_type fmp4 -hls_fmp4_init_filename "d2565fbd28baccf076584585d44aa220-1.mp4" -start_number 0 -hls_segment_filename "/transcode/d2565fbd28baccf076584585d44aa220%d.mp4" -hls_playlist_type vod -hls_list_size 0 -hls_segment_options movflags=+frag_discont -y "/transcode/d2565fbd28baccf076584585d44aa220.m3u8"


ffmpeg version 7.1.3-Jellyfin Copyright (c) 2000-2025 the FFmpeg developers
  built with gcc 12 (Debian 12.2.0-14)
  configuration: --prefix=/usr/lib/jellyfin-ffmpeg --target-os=linux --extra-version=Jellyfin --disable-doc --disable-ffplay --disable-static --disable-libxcb --disable-sdl2 --disable-xlib --enable-lto=auto --enable-gpl --enable-version3 --enable-shared --enable-gmp --enable-gnutls --enable-chromaprint --enable-opencl --enable-libdrm --enable-libxml2 --enable-libass --enable-libfreetype --enable-libfribidi --enable-libfontconfig --enable-libharfbuzz --enable-libbluray --enable-libmp3lame --enable-libopus --enable-libtheora --enable-libvorbis --enable-libopenmpt --enable-libdav1d --enable-libsvtav1 --enable-libwebp --enable-libvpx --enable-libx264 --enable-libx265 --enable-libzvbi --enable-libzimg --enable-libfdk-aac --arch=arm64 --cross-prefix=/usr/bin/aarch64-linux-gnu- --toolchain=hardened --enable-cross-compile --enable-rkmpp --enable-rkrga --enable-ffnvcodec --enable-cuda --enable-cuda-llvm --enable-cuvid --enable-nvdec --enable-nvenc
  libavutil      59. 39.100 / 59. 39.100
  libavcodec     61. 19.101 / 61. 19.101
  libavformat    61.  7.100 / 61.  7.100
  libavdevice    61.  3.100 / 61.  3.100
  libavfilter    10.  4.100 / 10.  4.100
  libswscale      8.  3.100 /  8.  3.100
  libswresample   5.  3.100 /  5.  3.100
  libpostproc    58.  3.100 / 58.  3.100
Input #0, mov,mp4,m4a,3gp,3g2,mj2, from 'file:/media/movies/Star Wars IV.mp4':
  Metadata:
    major_brand     : mp42
    minor_version   : 0
    compatible_brands: isommp42
    creation_time   : 2012-02-17T13:43:16.000000Z
    encoder         : Google
  Duration: 02:04:44.88, start: 0.000000, bitrate: 1418 kb/s
  Stream #0:0[0x1](und): Video: h264 (High) (avc1 / 0x31637661), yuv420p(tv, bt709, progressive), 1916x816 [SAR 1:1 DAR 479:204], 1288 kb/s, 23.98 fps, 23.98 tbr, 24k tbn (default)
      Metadata:
        handler_name    : ISO Media file produced by Google Inc.
        vendor_id       : [0][0][0][0]
  Stream #0:1[0x2](und): Audio: aac (LC) (mp4a / 0x6134706D), 44100 Hz, stereo, fltp, 127 kb/s (default)
      Metadata:
        handler_name    : ISO Media file produced by Google Inc.
        vendor_id       : [0][0][0][0]
Stream mapping:
  Stream #0:0 -> #0:0 (h264 (h264_rkmpp) -> h264 (h264_rkmpp))
  Stream #0:1 -> #0:1 (copy)
Press [q] to stop, [?] for help
[hls @ 0x55afe3c240] Opening '/transcode/d2565fbd28baccf076584585d44aa220-1.mp4' for writing
Output #0, hls, to '/transcode/d2565fbd28baccf076584585d44aa220.m3u8':
  Metadata:
    encoder         : Lavf61.7.100
  Stream #0:0: Video: h264 (High), drm_prime(tv, bt709, progressive), 960x408 [SAR 479:480 DAR 479:204], q=2-31, 592 kb/s, 23.98 fps, 24k tbn (default)
      Metadata:
        encoder         : Lavc61.19.101 h264_rkmpp
  Stream #0:1: Audio: aac (LC) (mp4a / 0x6134706D), 44100 Hz, stereo, fltp, 127 kb/s (default)
[hls @ 0x55afe3c240] Opening '/transcode/d2565fbd28baccf076584585d44aa2200.mp4' for writing
[hls @ 0x55afe3c240] Opening '/transcode/d2565fbd28baccf076584585d44aa2201.mp4' for writing
[hls @ 0x55afe3c240] Opening '/transcode/d2565fbd28baccf076584585d44aa2202.mp4' for writing
[hls @ 0x55afe3c240] Opening '/transcode/d2565fbd28baccf076584585d44aa2203.mp4' for writing
[hls @ 0x55afe3c240] Opening '/transcode/d2565fbd28baccf076584585d44aa2204.mp4' for writing
[hls @ 0x55afe3c240] Opening '/transcode/d2565fbd28baccf076584585d44aa2205.mp4' for writing
frame=  451 fps=0.0 q=15.0 size=N/A time=00:00:00.00 bitrate=N/A speed=   0x    
[hls @ 0x55afe3c240] Opening '/transcode/d2565fbd28baccf076584585d44aa2206.mp4' for writing
[hls @ 0x55afe3c240] Opening '/transcode/d2565fbd28baccf076584585d44aa2207.mp4' for writing
[hls @ 0x55afe3c240] Opening '/transcode/d2565fbd28baccf076584585d44aa2208.mp4' for writing
[hls @ 0x55afe3c240] Opening '/transcode/d2565fbd28baccf076584585d44aa2209.mp4' for writing
[hls @ 0x55afe3c240] Opening '/transcode/d2565fbd28baccf076584585d44aa22010.mp4' for writing
[hls @ 0x55afe3c240] Opening '/transcode/d2565fbd28baccf076584585d44aa22011.mp4' for writing
[hls @ 0x55afe3c240] Opening '/transcode/d2565fbd28baccf076584585d44aa22012.mp4' for writing
frame=  959 fps=959 q=14.0 size=N/A time=00:00:21.18 bitrate=N/A speed=21.2x    
[hls @ 0x55afe3c240] Opening '/transcode/d2565fbd28baccf076584585d44aa22013.mp4' for writing
[hls @ 0x55afe3c240] Opening '/transcode/d2565fbd28baccf076584585d44aa22014.mp4' for writing
[hls @ 0x55afe3c240] Opening '/transcode/d2565fbd28baccf076584585d44aa22015.mp4' for writing
[hls @ 0x55afe3c240] Opening '/transcode/d2565fbd28baccf076584585d44aa22016.mp4' for writing
[hls @ 0x55afe3c240] Opening '/transcode/d2565fbd28baccf076584585d44aa22017.mp4' for writing
[hls @ 0x55afe3c240] Opening '/transcode/d2565fbd28baccf076584585d44aa22018.mp4' for writing
[hls @ 0x55afe3c240] Opening '/transcode/d2565fbd28baccf076584585d44aa22019.mp4' for writing
frame= 1464 fps=976 q=26.0 size=N/A time=00:00:42.25 bitrate=N/A speed=28.2x    
[hls @ 0x55afe3c240] Opening '/transcode/d2565fbd28baccf076584585d44aa22020.mp4' for writing
[hls @ 0x55afe3c240] Opening '/transcode/d2565fbd28baccf076584585d44aa22021.mp4' for writing
[hls @ 0x55afe3c240] Opening '/transcode/d2565fbd28baccf076584585d44aa22022.mp4' for writing
[hls @ 0x55afe3c240] Opening '/transcode/d2565fbd28baccf076584585d44aa22023.mp4' for writing
[hls @ 0x55afe3c240] Opening '/transcode/d2565fbd28baccf076584585d44aa22024.mp4' for writing
[hls @ 0x55afe3c240] Opening '/transcode/d2565fbd28baccf076584585d44aa22025.mp4' for writing
[hls @ 0x55afe3c240] Opening '/transcode/d2565fbd28baccf076584585d44aa22026.mp4' for writing
frame= 1963 fps=981 q=27.0 size=N/A time=00:01:03.06 bitrate=N/A speed=31.5x    
[hls @ 0x55afe3c240] Opening '/transcode/d2565fbd28baccf076584585d44aa22027.mp4' for writing
[hls @ 0x55afe3c240] Opening '/transcode/d2565fbd28baccf076584585d44aa22028.mp4' for writing
[hls @ 0x55afe3c240] Opening '/transcode/d2565fbd28baccf076584585d44aa22029.mp4' for writing
[hls @ 0x55afe3c240] Opening '/transcode/d2565fbd28baccf076584585d44aa22030.mp4' for writing
[hls @ 0x55afe3c240] Opening '/transcode/d2565fbd28baccf076584585d44aa22031.mp4' for writing
[hls @ 0x55afe3c240] Opening '/transcode/d2565fbd28baccf076584585d44aa22032.mp4' for writing
[hls @ 0x55afe3c240] Opening '/transcode/d2565fbd28baccf076584585d44aa22033.mp4' for writing
frame= 2467 fps=986 q=15.0 size=N/A time=00:01:24.08 bitrate=N/A speed=33.6x    
[hls @ 0x55afe3c240] Opening '/transcode/d2565fbd28baccf076584585d44aa22034.mp4' for writing
[hls @ 0x55afe3c240] Opening '/transcode/d2565fbd28baccf076584585d44aa22035.mp4' for writing
[hls @ 0x55afe3c240] Opening '/transcode/d2565fbd28baccf076584585d44aa22036.mp4' for writing
[hls @ 0x55afe3c240] Opening '/transcode/d2565fbd28baccf076584585d44aa22037.mp4' for writing
[hls @ 0x55afe3c240] Opening '/transcode/d2565fbd28baccf076584585d44aa22038.mp4' for writing
[hls @ 0x55afe3c240] Opening '/transcode/d2565fbd28baccf076584585d44aa22039.mp4' for writing
[hls @ 0x55afe3c240] Opening '/transcode/d2565fbd28baccf076584585d44aa22040.mp4' for writing
frame= 2974 fps=991 q=20.0 size=N/A time=00:01:45.23 bitrate=N/A speed=35.1x    
[hls @ 0x55afe3c240] Opening '/transcode/d2565fbd28baccf076584585d44aa22041.mp4' for writing
[hls @ 0x55afe3c240] Opening '/transcode/d2565fbd28baccf076584585d44aa22042.mp4' for writing
[hls @ 0x55afe3c240] Opening '/transcode/d2565fbd28baccf076584585d44aa22043.mp4' for writing
[hls @ 0x55afe3c240] Opening '/transcode/d2565fbd28baccf076584585d44aa22044.mp4' for writing
[hls @ 0x55afe3c240] Opening '/transcode/d2565fbd28baccf076584585d44aa22045.mp4' for writing
[hls @ 0x55afe3c240] Opening '/transcode/d2565fbd28baccf076584585d44aa22046.mp4' for writing
[hls @ 0x55afe3c240] Opening '/transcode/d2565fbd28baccf076584585d44aa22047.mp4' for writing
frame= 3467 fps=990 q=24.0 size=N/A time=00:02:05.79 bitrate=N/A speed=35.9x    
[hls @ 0x55afe3c240] Opening '/transcode/d2565fbd28baccf076584585d44aa22048.mp4' for writing
[hls @ 0x55afe3c240] Opening '/transcode/d2565fbd28baccf076584585d44aa22049.mp4' for writing
[hls @ 0x55afe3c240] Opening '/transcode/d2565fbd28baccf076584585d44aa22050.mp4' for writing
[hls @ 0x55afe3c240] Opening '/transcode/d2565fbd28baccf076584585d44aa22051.mp4' for writing
[hls @ 0x55afe3c240] Opening '/transcode/d2565fbd28baccf076584585d44aa22052.mp4' for writing
[hls @ 0x55afe3c240] Opening '/transcode/d2565fbd28baccf076584585d44aa22053.mp4' for writing
frame= 3956 fps=989 q=31.0 size=N/A time=00:02:26.18 bitrate=N/A speed=36.5x    
[hls @ 0x55afe3c240] Opening '/transcode/d2565fbd28baccf076584585d44aa22054.mp4' for writing
[hls @ 0x55afe3c240] Opening '/transcode/d2565fbd28baccf076584585d44aa22055.mp4' for writing
[hls @ 0x55afe3c240] Opening '/transcode/d2565fbd28baccf076584585d44aa22056.mp4' for writing
[hls @ 0x55afe3c240] Opening '/transcode/d2565fbd28baccf076584585d44aa22057.mp4' for writing
[hls @ 0x55afe3c240] Opening '/transcode/d2565fbd28baccf076584585d44aa22058.mp4' for writing
[hls @ 0x55afe3c240] Opening '/transcode/d2565fbd28baccf076584585d44aa22059.mp4' for writing
[hls @ 0x55afe3c240] Opening '/transcode/d2565fbd28baccf076584585d44aa22060.mp4' for writing


[q] command received. Exiting.

[hls @ 0x55afe3c240] Opening '/transcode/d2565fbd28baccf076584585d44aa22061.mp4' for writing
[out#0/hls @ 0x55afe1e8c0] video:12512KiB audio:2897KiB subtitle:0KiB other streams:0KiB global headers:0KiB muxing overhead: unknown
frame= 4450 fps=984 q=31.0 Lsize=N/A time=00:02:46.59 bitrate=N/A speed=36.9x    